Archive member included to satisfy reference by file (symbol)

c:/st/stm32cubeide_1.4.0/stm32cubeide/plugins/com.st.stm32cube.ide.mcu.externaltools.gnu-tools-for-stm32.10.3-2021.10.win32_1.0.0.202111181127/tools/bin/../lib/gcc/arm-none-eabi/10.3.1/../../../../arm-none-eabi/lib/thumb/v7e-m+fp/hard\libstdc++_nano.a(pure.o)
                              ./Core/Src/mainpp.o (__cxa_pure_virtual)
c:/st/stm32cubeide_1.4.0/stm32cubeide/plugins/com.st.stm32cube.ide.mcu.externaltools.gnu-tools-for-stm32.10.3-2021.10.win32_1.0.0.202111181127/tools/bin/../lib/gcc/arm-none-eabi/10.3.1/../../../../arm-none-eabi/lib/thumb/v7e-m+fp/hard\libstdc++_nano.a(eh_terminate.o)
                              c:/st/stm32cubeide_1.4.0/stm32cubeide/plugins/com.st.stm32cube.ide.mcu.externaltools.gnu-tools-for-stm32.10.3-2021.10.win32_1.0.0.202111181127/tools/bin/../lib/gcc/arm-none-eabi/10.3.1/../../../../arm-none-eabi/lib/thumb/v7e-m+fp/hard\libstdc++_nano.a(pure.o) (std::terminate())
c:/st/stm32cubeide_1.4.0/stm32cubeide/plugins/com.st.stm32cube.ide.mcu.externaltools.gnu-tools-for-stm32.10.3-2021.10.win32_1.0.0.202111181127/tools/bin/../lib/gcc/arm-none-eabi/10.3.1/../../../../arm-none-eabi/lib/thumb/v7e-m+fp/hard\libstdc++_nano.a(eh_unex_handler.o)
                              c:/st/stm32cubeide_1.4.0/stm32cubeide/plugins/com.st.stm32cube.ide.mcu.externaltools.gnu-tools-for-stm32.10.3-2021.10.win32_1.0.0.202111181127/tools/bin/../lib/gcc/arm-none-eabi/10.3.1/../../../../arm-none-eabi/lib/thumb/v7e-m+fp/hard\libstdc++_nano.a(eh_terminate.o) (__cxxabiv1::__unexpected_handler)
c:/st/stm32cubeide_1.4.0/stm32cubeide/plugins/com.st.stm32cube.ide.mcu.externaltools.gnu-tools-for-stm32.10.3-2021.10.win32_1.0.0.202111181127/tools/bin/../lib/gcc/arm-none-eabi/10.3.1/../../../../arm-none-eabi/lib/thumb/v7e-m+fp/hard\libstdc++_nano.a(eh_term_handler.o)
                              c:/st/stm32cubeide_1.4.0/stm32cubeide/plugins/com.st.stm32cube.ide.mcu.externaltools.gnu-tools-for-stm32.10.3-2021.10.win32_1.0.0.202111181127/tools/bin/../lib/gcc/arm-none-eabi/10.3.1/../../../../arm-none-eabi/lib/thumb/v7e-m+fp/hard\libstdc++_nano.a(eh_terminate.o) (__cxxabiv1::__terminate_handler)
c:/st/stm32cubeide_1.4.0/stm32cubeide/plugins/com.st.stm32cube.ide.mcu.externaltools.gnu-tools-for-stm32.10.3-2021.10.win32_1.0.0.202111181127/tools/bin/../lib/gcc/arm-none-eabi/10.3.1/../../../../arm-none-eabi/lib/thumb/v7e-m+fp/hard\libc_nano.a(lib_a-abort.o)
                              c:/st/stm32cubeide_1.4.0/stm32cubeide/plugins/com.st.stm32cube.ide.mcu.externaltools.gnu-tools-for-stm32.10.3-2021.10.win32_1.0.0.202111181127/tools/bin/../lib/gcc/arm-none-eabi/10.3.1/../../../../arm-none-eabi/lib/thumb/v7e-m+fp/hard\libstdc++_nano.a(eh_terminate.o) (abort)
c:/st/stm32cubeide_1.4.0/stm32cubeide/plugins/com.st.stm32cube.ide.mcu.externaltools.gnu-tools-for-stm32.10.3-2021.10.win32_1.0.0.202111181127/tools/bin/../lib/gcc/arm-none-eabi/10.3.1/../../../../arm-none-eabi/lib/thumb/v7e-m+fp/hard\libc_nano.a(lib_a-errno.o)
                              ./Core/Src/syscalls.o (__errno)
c:/st/stm32cubeide_1.4.0/stm32cubeide/plugins/com.st.stm32cube.ide.mcu.externaltools.gnu-tools-for-stm32.10.3-2021.10.win32_1.0.0.202111181127/tools/bin/../lib/gcc/arm-none-eabi/10.3.1/../../../../arm-none-eabi/lib/thumb/v7e-m+fp/hard\libc_nano.a(lib_a-exit.o)
                              c:/st/stm32cubeide_1.4.0/stm32cubeide/plugins/com.st.stm32cube.ide.mcu.externaltools.gnu-tools-for-stm32.10.3-2021.10.win32_1.0.0.202111181127/tools/bin/../lib/gcc/arm-none-eabi/10.3.1/../../../../arm-none-eabi/lib/thumb/v7e-m+fp/hard/crt0.o (exit)
c:/st/stm32cubeide_1.4.0/stm32cubeide/plugins/com.st.stm32cube.ide.mcu.externaltools.gnu-tools-for-stm32.10.3-2021.10.win32_1.0.0.202111181127/tools/bin/../lib/gcc/arm-none-eabi/10.3.1/../../../../arm-none-eabi/lib/thumb/v7e-m+fp/hard\libc_nano.a(lib_a-impure.o)
                              c:/st/stm32cubeide_1.4.0/stm32cubeide/plugins/com.st.stm32cube.ide.mcu.externaltools.gnu-tools-for-stm32.10.3-2021.10.win32_1.0.0.202111181127/tools/bin/../lib/gcc/arm-none-eabi/10.3.1/../../../../arm-none-eabi/lib/thumb/v7e-m+fp/hard\libc_nano.a(lib_a-exit.o) (_global_impure_ptr)
c:/st/stm32cubeide_1.4.0/stm32cubeide/plugins/com.st.stm32cube.ide.mcu.externaltools.gnu-tools-for-stm32.10.3-2021.10.win32_1.0.0.202111181127/tools/bin/../lib/gcc/arm-none-eabi/10.3.1/../../../../arm-none-eabi/lib/thumb/v7e-m+fp/hard\libc_nano.a(lib_a-init.o)
                              c:/st/stm32cubeide_1.4.0/stm32cubeide/plugins/com.st.stm32cube.ide.mcu.externaltools.gnu-tools-for-stm32.10.3-2021.10.win32_1.0.0.202111181127/tools/bin/../lib/gcc/arm-none-eabi/10.3.1/../../../../arm-none-eabi/lib/thumb/v7e-m+fp/hard/crt0.o (__libc_init_array)
[...]
Memory Configuration

Name             Origin             Length             Attributes
RAM              0x0000000020000000 0x0000000000008000 xrw
FLASH            0x0000000008000000 0x0000000000020000 xr
*default*        0x0000000000000000 0xffffffffffffffff

Linker script and memory map

LOAD c:/st/stm32cubeide_1.4.0/stm32cubeide/plugins/com.st.stm32cube.ide.mcu.externaltools.gnu-tools-for-stm32.10.3-2021.10.win32_1.0.0.202111181127/tools/bin/../lib/gcc/arm-none-eabi/10.3.1/thumb/v7e-m+fp/hard/crti.o
LOAD c:/st/stm32cubeide_1.4.0/stm32cubeide/plugins/com.st.stm32cube.ide.mcu.externaltools.gnu-tools-for-stm32.10.3-2021.10.win32_1.0.0.202111181127/tools/bin/../lib/gcc/arm-none-eabi/10.3.1/thumb/v7e-m+fp/hard/crtbegin.o
LOAD c:/st/stm32cubeide_1.4.0/stm32cubeide/plugins/com.st.stm32cube.ide.mcu.externaltools.gnu-tools-for-stm32.10.3-2021.10.win32_1.0.0.202111181127/tools/bin/../lib/gcc/arm-none-eabi/10.3.1/../../../../arm-none-eabi/lib/thumb/v7e-m+fp/hard/crt0.o
LOAD ./Core/Inc/duration.o
LOAD ./Core/Inc/time.o
LOAD ./Core/Src/main.o
LOAD ./Core/Src/mainpp.o
LOAD ./Core/Src/stm32g4xx_hal_msp.o
LOAD ./Core/Src/stm32g4xx_it.o
LOAD ./Core/Src/syscalls.o
LOAD ./Core/Src/sysmem.o
LOAD ./Core/Src/system_stm32g4xx.o
LOAD ./Core/Startup/startup_stm32g431rbtx.o
LOAD ./Drivers/STM32G4xx_HAL_Driver/Src/stm32g4xx_hal.o
LOAD ./Drivers/STM32G4xx_HAL_Driver/Src/stm32g4xx_hal_cortex.o
LOAD ./Drivers/STM32G4xx_HAL_Driver/Src/stm32g4xx_hal_dma.o
LOAD ./Drivers/STM32G4xx_HAL_Driver/Src/stm32g4xx_hal_dma_ex.o
LOAD ./Drivers/STM32G4xx_HAL_Driver/Src/stm32g4xx_hal_exti.o
LOAD ./Drivers/STM32G4xx_HAL_Driver/Src/stm32g4xx_hal_flash.o
LOAD ./Drivers/STM32G4xx_HAL_Driver/Src/stm32g4xx_hal_flash_ex.o
LOAD ./Drivers/STM32G4xx_HAL_Driver/Src/stm32g4xx_hal_flash_ramfunc.o
LOAD ./Drivers/STM32G4xx_HAL_Driver/Src/stm32g4xx_hal_gpio.o
LOAD ./Drivers/STM32G4xx_HAL_Driver/Src/stm32g4xx_hal_pwr.o
LOAD ./Drivers/STM32G4xx_HAL_Driver/Src/stm32g4xx_hal_pwr_ex.o
LOAD ./Drivers/STM32G4xx_HAL_Driver/Src/stm32g4xx_hal_rcc.o
LOAD ./Drivers/STM32G4xx_HAL_Driver/Src/stm32g4xx_hal_rcc_ex.o
LOAD ./Drivers/STM32G4xx_HAL_Driver/Src/stm32g4xx_hal_tim.o
LOAD ./Drivers/STM32G4xx_HAL_Driver/Src/stm32g4xx_hal_tim_ex.o
LOAD ./Drivers/STM32G4xx_HAL_Driver/Src/stm32g4xx_hal_uart.o
LOAD ./Drivers/STM32G4xx_HAL_Driver/Src/stm32g4xx_hal_uart_ex.o
START GROUP
LOAD c:/st/stm32cubeide_1.4.0/stm32cubeide/plugins/com.st.stm32cube.ide.mcu.externaltools.gnu-tools-for-stm32.10.3-2021.10.win32_1.0.0.202111181127/tools/bin/../lib/gcc/arm-none-eabi/10.3.1/../../../../arm-none-eabi/lib/thumb/v7e-m+fp/hard\libstdc++_nano.a
LOAD c:/st/stm32cubeide_1.4.0/stm32cubeide/plugins/com.st.stm32cube.ide.mcu.externaltools.gnu-tools-for-stm32.10.3-2021.10.win32_1.0.0.202111181127/tools/bin/../lib/gcc/arm-none-eabi/10.3.1/../../../../arm-none-eabi/lib/thumb/v7e-m+fp/hard\libsupc++_nano.a
END GROUP
LOAD c:/st/stm32cubeide_1.4.0/stm32cubeide/plugins/com.st.stm32cube.ide.mcu.externaltools.gnu-tools-for-stm32.10.3-2021.10.win32_1.0.0.202111181127/tools/bin/../lib/gcc/arm-none-eabi/10.3.1/../../../../arm-none-eabi/lib/thumb/v7e-m+fp/hard\libstdc++_nano.a
LOAD c:/st/stm32cubeide_1.4.0/stm32cubeide/plugins/com.st.stm32cube.ide.mcu.externaltools.gnu-tools-for-stm32.10.3-2021.10.win32_1.0.0.202111181127/tools/bin/../lib/gcc/arm-none-eabi/10.3.1/../../../../arm-none-eabi/lib/thumb/v7e-m+fp/hard\libm.a
LOAD c:/st/stm32cubeide_1.4.0/stm32cubeide/plugins/com.st.stm32cube.ide.mcu.externaltools.gnu-tools-for-stm32.10.3-2021.10.win32_1.0.0.202111181127/tools/bin/../lib/gcc/arm-none-eabi/10.3.1/../../../../arm-none-eabi/lib/thumb/v7e-m+fp/hard\libc_nano.a
START GROUP
LOAD c:/st/stm32cubeide_1.4.0/stm32cubeide/plugins/com.st.stm32cube.ide.mcu.externaltools.gnu-tools-for-stm32.10.3-2021.10.win32_1.0.0.202111181127/tools/bin/../lib/gcc/arm-none-eabi/10.3.1/thumb/v7e-m+fp/hard\libgcc.a
LOAD c:/st/stm32cubeide_1.4.0/stm32cubeide/plugins/com.st.stm32cube.ide.mcu.externaltools.gnu-tools-for-stm32.10.3-2021.10.win32_1.0.0.202111181127/tools/bin/../lib/gcc/arm-none-eabi/10.3.1/../../../../arm-none-eabi/lib/thumb/v7e-m+fp/hard\libc_nano.a
END GROUP
START GROUP
LOAD c:/st/stm32cubeide_1.4.0/stm32cubeide/plugins/com.st.stm32cube.ide.mcu.externaltools.gnu-tools-for-stm32.10.3-2021.10.win32_1.0.0.202111181127/tools/bin/../lib/gcc/arm-none-eabi/10.3.1/thumb/v7e-m+fp/hard\libgcc.a
LOAD c:/st/stm32cubeide_1.4.0/stm32cubeide/plugins/com.st.stm32cube.ide.mcu.externaltools.gnu-tools-for-stm32.10.3-2021.10.win32_1.0.0.202111181127/tools/bin/../lib/gcc/arm-none-eabi/10.3.1/../../../../arm-none-eabi/lib/thumb/v7e-m+fp/hard\libc_nano.a
LOAD c:/st/stm32cubeide_1.4.0/stm32cubeide/plugins/com.st.stm32cube.ide.mcu.externaltools.gnu-tools-for-stm32.10.3-2021.10.win32_1.0.0.202111181127/tools/bin/../lib/gcc/arm-none-eabi/10.3.1/../../../../arm-none-eabi/lib/thumb/v7e-m+fp/hard\libnosys.a
END GROUP
START GROUP
LOAD c:/st/stm32cubeide_1.4.0/stm32cubeide/plugins/com.st.stm32cube.ide.mcu.externaltools.gnu-tools-for-stm32.10.3-2021.10.win32_1.0.0.202111181127/tools/bin/../lib/gcc/arm-none-eabi/10.3.1/thumb/v7e-m+fp/hard\libgcc.a
LOAD c:/st/stm32cubeide_1.4.0/stm32cubeide/plugins/com.st.stm32cube.ide.mcu.externaltools.gnu-tools-for-stm32.10.3-2021.10.win32_1.0.0.202111181127/tools/bin/../lib/gcc/arm-none-eabi/10.3.1/../../../../arm-none-eabi/lib/thumb/v7e-m+fp/hard\libc_nano.a
LOAD c:/st/stm32cubeide_1.4.0/stm32cubeide/plugins/com.st.stm32cube.ide.mcu.externaltools.gnu-tools-for-stm32.10.3-2021.10.win32_1.0.0.202111181127/tools/bin/../lib/gcc/arm-none-eabi/10.3.1/../../../../arm-none-eabi/lib/thumb/v7e-m+fp/hard\libnosys.a
END GROUP
LOAD c:/st/stm32cubeide_1.4.0/stm32cubeide/plugins/com.st.stm32cube.ide.mcu.externaltools.gnu-tools-for-stm32.10.3-2021.10.win32_1.0.0.202111181127/tools/bin/../lib/gcc/arm-none-eabi/10.3.1/thumb/v7e-m+fp/hard/crtend.o
LOAD c:/st/stm32cubeide_1.4.0/stm32cubeide/plugins/com.st.stm32cube.ide.mcu.externaltools.gnu-tools-for-stm32.10.3-2021.10.win32_1.0.0.202111181127/tools/bin/../lib/gcc/arm-none-eabi/10.3.1/thumb/v7e-m+fp/hard/crtn.o
                0x0000000020008000                _estack = (ORIGIN (RAM) + LENGTH (RAM))
                0x0000000000000200                _Min_Heap_Size = 0x200
                0x0000000000000400                _Min_Stack_Size = 0x400

.isr_vector     0x0000000008000000      0x1d8
                0x0000000008000000                . = ALIGN (0x4)
 *(.isr_vector)
 .isr_vector    0x0000000008000000      0x1d8 ./Core/Startup/startup_stm32g431rbtx.o
                0x0000000008000000                g_pfnVectors
                0x00000000080001d8                . = ALIGN (0x4)

.text           0x00000000080001e0     0x68ec
                0x00000000080001e0                . = ALIGN (0x4)
 *(.text)
 .text          0x00000000080001e0       0x40 c:/st/stm32cubeide_1.4.0/stm32cubeide/plugins/com.st.stm32cube.ide.mcu.externaltools.gnu-tools-for-stm32.10.3-2021.10.win32_1.0.0.202111181127/tools/bin/../lib/gcc/arm-none-eabi/10.3.1/thumb/v7e-m+fp/hard/crtbegin.o
 .text          0x0000000008000220       0x10 c:/st/stm32cubeide_1.4.0/stm32cubeide/plugins/com.st.stm32cube.ide.mcu.externaltools.gnu-tools-for-stm32.10.3-2021.10.win32_1.0.0.202111181127/tools/bin/../lib/gcc/arm-none-eabi/10.3.1/../../../../arm-none-eabi/lib/thumb/v7e-m+fp/hard\libc_nano.a(lib_a-strlen.o)
                0x0000000008000220                strlen
 .text          0x0000000008000230       0xa0 c:/st/stm32cubeide_1.4.0/stm32cubeide/plugins/com.st.stm32cube.ide.mcu.externaltools.gnu-tools-for-stm32.10.3-2021.10.win32_1.0.0.202111181127/tools/bin/../lib/gcc/arm-none-eabi/10.3.1/../../../../arm-none-eabi/lib/thumb/v7e-m+fp/hard\libc_nano.a(lib_a-memchr.o)
                0x0000000008000230                memchr
 .text          0x00000000080002d0       0x30 c:/st/stm32cubeide_1.4.0/stm32cubeide/plugins/com.st.stm32cube.ide.mcu.externaltools.gnu-tools-for-stm32.10.3-2021.10.win32_1.0.0.202111181127/tools/bin/../lib/gcc/arm-none-eabi/10.3.1/thumb/v7e-m+fp/hard\libgcc.a(_aeabi_uldivmod.o)
                0x00000000080002d0                __aeabi_uldivmod
 .text          0x0000000008000300      0x2d0 c:/st/stm32cubeide_1.4.0/stm32cubeide/plugins/com.st.stm32cube.ide.mcu.externaltools.gnu-tools-for-stm32.10.3-2021.10.win32_1.0.0.202111181127/tools/bin/../lib/gcc/arm-none-eabi/10.3.1/thumb/v7e-m+fp/hard\libgcc.a(_udivmoddi4.o)
                0x0000000008000300                __udivmoddi4
 .text          0x00000000080005d0        0x4 c:/st/stm32cubeide_1.4.0/stm32cubeide/plugins/com.st.stm32cube.ide.mcu.externaltools.gnu-tools-for-stm32.10.3-2021.10.win32_1.0.0.202111181127/tools/bin/../lib/gcc/arm-none-eabi/10.3.1/thumb/v7e-m+fp/hard\libgcc.a(_dvmd_tls.o)
                0x00000000080005d0                __aeabi_idiv0
                0x00000000080005d0                __aeabi_ldiv0
 *(.text*)
 .text._ZN3ros16normalizeSecNSecERmS0_
                0x00000000080005d4       0x58 ./Core/Inc/time.o
                0x00000000080005d4                ros::normalizeSecNSec(unsigned long&, unsigned long&)
 .text.main     0x000000000800062c       0x26 ./Core/Src/main.o
                0x000000000800062c                main
 .text.SystemClock_Config
                0x0000000008000652       0x96 ./Core/Src/main.o
                0x0000000008000652                SystemClock_Config
 .text.MX_LPUART1_UART_Init
                0x00000000080006e8       0x94 ./Core/Src/main.o
 .text.MX_USART1_UART_Init
                0x000000000800077c       0x98 ./Core/Src/main.o
 .text.MX_DMA_Init
                0x0000000008000814       0x64 ./Core/Src/main.o
 .text.MX_GPIO_Init
                0x0000000008000878       0xcc ./Core/Src/main.o
 .text.Error_Handler
                0x0000000008000944        0xa ./Core/Src/main.o
                0x0000000008000944                Error_Handler
 .text._ZN3ros4TimeC2Ev
                0x000000000800094e       0x22 ./Core/Src/mainpp.o
                0x000000000800094e                ros::Time::Time()
                0x000000000800094e                ros::Time::Time()
 .text._ZN3ros3MsgC2Ev
                0x0000000008000970       0x20 ./Core/Src/mainpp.o
                0x0000000008000970                ros::Msg::Msg()
                0x0000000008000970                ros::Msg::Msg()
 .text._ZN8std_msgs4TimeC2Ev
                0x0000000008000990       0x30 ./Core/Src/mainpp.o
                0x0000000008000990                std_msgs::Time::Time()
                0x0000000008000990                std_msgs::Time::Time()
 .text._ZNK8std_msgs4Time9serializeEPh
                0x00000000080009c0       0xb0 ./Core/Src/mainpp.o
                0x00000000080009c0                std_msgs::Time::serialize(unsigned char*) const
 .text._ZN8std_msgs4Time11deserializeEPh
                0x0000000008000a70       0xc8 ./Core/Src/mainpp.o
                0x0000000008000a70                std_msgs::Time::deserialize(unsigned char*)
 .text._ZN8std_msgs4Time7getTypeEv
                0x0000000008000b38       0x1c ./Core/Src/mainpp.o
                0x0000000008000b38                std_msgs::Time::getType()
 .text._ZN8std_msgs4Time6getMD5Ev
                0x0000000008000b54       0x1c ./Core/Src/mainpp.o
                0x0000000008000b54                std_msgs::Time::getMD5()
 .text._ZN14rosserial_msgs9TopicInfoC2Ev
                0x0000000008000b70       0x48 ./Core/Src/mainpp.o
                0x0000000008000b70                rosserial_msgs::TopicInfo::TopicInfo()
                0x0000000008000b70                rosserial_msgs::TopicInfo::TopicInfo()
 .text._ZNK14rosserial_msgs9TopicInfo9serializeEPh
                0x0000000008000bb8      0x136 ./Core/Src/mainpp.o
                0x0000000008000bb8                rosserial_msgs::TopicInfo::serialize(unsigned char*) const
 .text._ZN14rosserial_msgs9TopicInfo11deserializeEPh
                0x0000000008000cee      0x1d0 ./Core/Src/mainpp.o
                0x0000000008000cee                rosserial_msgs::TopicInfo::deserialize(unsigned char*)
 *fill*         0x0000000008000ebe        0x2 
 .text._ZN14rosserial_msgs9TopicInfo7getTypeEv
                0x0000000008000ec0       0x1c ./Core/Src/mainpp.o
                0x0000000008000ec0                rosserial_msgs::TopicInfo::getType()
 .text._ZN14rosserial_msgs9TopicInfo6getMD5Ev
                0x0000000008000edc       0x1c ./Core/Src/mainpp.o
                0x0000000008000edc                rosserial_msgs::TopicInfo::getMD5()
 .text._ZN14rosserial_msgs3LogC2Ev
                0x0000000008000ef8       0x34 ./Core/Src/mainpp.o
                0x0000000008000ef8                rosserial_msgs::Log::Log()
                0x0000000008000ef8                rosserial_msgs::Log::Log()
 .text._ZNK14rosserial_msgs3Log9serializeEPh
                0x0000000008000f2c       0x64 ./Core/Src/mainpp.o
                0x0000000008000f2c                rosserial_msgs::Log::serialize(unsigned char*) const
 .text._ZN14rosserial_msgs3Log11deserializeEPh
                0x0000000008000f90       0x90 ./Core/Src/mainpp.o
                0x0000000008000f90                rosserial_msgs::Log::deserialize(unsigned char*)
 .text._ZN14rosserial_msgs3Log7getTypeEv
                0x0000000008001020       0x1c ./Core/Src/mainpp.o
                0x0000000008001020                rosserial_msgs::Log::getType()
 .text._ZN14rosserial_msgs3Log6getMD5Ev
                0x000000000800103c       0x1c ./Core/Src/mainpp.o
                0x000000000800103c                rosserial_msgs::Log::getMD5()
 .text._ZN14rosserial_msgs20RequestParamResponseC2Ev
                0x0000000008001058       0x5c ./Core/Src/mainpp.o
                0x0000000008001058                rosserial_msgs::RequestParamResponse::RequestParamResponse()
                0x0000000008001058                rosserial_msgs::RequestParamResponse::RequestParamResponse()
 .text._ZNK14rosserial_msgs20RequestParamResponse9serializeEPh
                0x00000000080010b4      0x222 ./Core/Src/mainpp.o
                0x00000000080010b4                rosserial_msgs::RequestParamResponse::serialize(unsigned char*) const
 .text._ZN14rosserial_msgs20RequestParamResponse11deserializeEPh
                0x00000000080012d6      0x2e2 ./Core/Src/mainpp.o
                0x00000000080012d6                rosserial_msgs::RequestParamResponse::deserialize(unsigned char*)
 .text._ZN14rosserial_msgs20RequestParamResponse7getTypeEv
                0x00000000080015b8       0x1c ./Core/Src/mainpp.o
                0x00000000080015b8                rosserial_msgs::RequestParamResponse::getType()
 .text._ZN14rosserial_msgs20RequestParamResponse6getMD5Ev
                0x00000000080015d4       0x1c ./Core/Src/mainpp.o
                0x00000000080015d4                rosserial_msgs::RequestParamResponse::getMD5()
 .text._ZN3ros9PublisherC2EPKcPNS_3MsgEi
                0x00000000080015f0       0x2e ./Core/Src/mainpp.o
                0x00000000080015f0                ros::Publisher::Publisher(char const*, ros::Msg*, int)
                0x00000000080015f0                ros::Publisher::Publisher(char const*, ros::Msg*, int)
 .text._ZN3ros9Publisher7publishEPKNS_3MsgE
                0x000000000800161e       0x28 ./Core/Src/mainpp.o
                0x000000000800161e                ros::Publisher::publish(ros::Msg const*)
 .text._ZN3ros9Publisher15getEndpointTypeEv
                0x0000000008001646       0x18 ./Core/Src/mainpp.o
                0x0000000008001646                ros::Publisher::getEndpointType()
 .text._ZN13STM32Hardware10getRdmaIndEv
                0x000000000800165e       0x26 ./Core/Src/mainpp.o
                0x000000000800165e                STM32Hardware::getRdmaInd()
 .text._ZN13STM32HardwareC2Ev
                0x0000000008001684       0x38 ./Core/Src/mainpp.o
                0x0000000008001684                STM32Hardware::STM32Hardware()
                0x0000000008001684                STM32Hardware::STM32Hardware()
 .text._ZN13STM32Hardware4initEv
                0x00000000080016bc       0x16 ./Core/Src/mainpp.o
                0x00000000080016bc                STM32Hardware::init()
 .text._ZN13STM32Hardware10reset_rbufEv
                0x00000000080016d2       0x22 ./Core/Src/mainpp.o
                0x00000000080016d2                STM32Hardware::reset_rbuf()
 .text._ZN13STM32Hardware4readEv
                0x00000000080016f4       0x5a ./Core/Src/mainpp.o
                0x00000000080016f4                STM32Hardware::read()
 *fill*         0x000000000800174e        0x2 
 .text._ZN13STM32Hardware5flushEv
                0x0000000008001750       0xe4 ./Core/Src/mainpp.o
                0x0000000008001750                STM32Hardware::flush()
 .text._ZN13STM32Hardware5writeEPhi
                0x0000000008001834       0x8c ./Core/Src/mainpp.o
                0x0000000008001834                STM32Hardware::write(unsigned char*, int)
 .text._ZN13STM32Hardware4timeEv
                0x00000000080018c0       0x16 ./Core/Src/mainpp.o
                0x00000000080018c0                STM32Hardware::time()
 *fill*         0x00000000080018d6        0x2 
 .text._ZN8std_msgs6StringC2Ev
                0x00000000080018d8       0x30 ./Core/Src/mainpp.o
                0x00000000080018d8                std_msgs::String::String()
                0x00000000080018d8                std_msgs::String::String()
 .text._ZNK8std_msgs6String9serializeEPh
                0x0000000008001908       0x52 ./Core/Src/mainpp.o
                0x0000000008001908                std_msgs::String::serialize(unsigned char*) const
 .text._ZN8std_msgs6String11deserializeEPh
                0x000000000800195a       0x7e ./Core/Src/mainpp.o
                0x000000000800195a                std_msgs::String::deserialize(unsigned char*)
 .text._ZN8std_msgs6String7getTypeEv
                0x00000000080019d8       0x1c ./Core/Src/mainpp.o
                0x00000000080019d8                std_msgs::String::getType()
 .text._ZN8std_msgs6String6getMD5Ev
                0x00000000080019f4       0x1c ./Core/Src/mainpp.o
                0x00000000080019f4                std_msgs::String::getMD5()
 .text._ZN3ros15NodeHandleBase_C2Ev
                0x0000000008001a10       0x20 ./Core/Src/mainpp.o
                0x0000000008001a10                ros::NodeHandleBase_::NodeHandleBase_()
                0x0000000008001a10                ros::NodeHandleBase_::NodeHandleBase_()
 .text._ZN3ros11NodeHandle_I13STM32HardwareLi25ELi25ELi512ELi512EEC2Ev
                0x0000000008001a30       0xf0 ./Core/Src/mainpp.o
                0x0000000008001a30                ros::NodeHandle_<STM32Hardware, 25, 25, 512, 512>::NodeHandle_()
                0x0000000008001a30                ros::NodeHandle_<STM32Hardware, 25, 25, 512, 512>::NodeHandle_()
 .text.HAL_UART_TxCpltCallback
                0x0000000008001b20       0x24 ./Core/Src/mainpp.o
                0x0000000008001b20                HAL_UART_TxCpltCallback
 .text.HAL_UART_RxCpltCallback
                0x0000000008001b44       0x24 ./Core/Src/mainpp.o
                0x0000000008001b44                HAL_UART_RxCpltCallback
 .text.setup    0x0000000008001b68       0x20 ./Core/Src/mainpp.o
                0x0000000008001b68                setup
 .text.loop     0x0000000008001b88       0x60 ./Core/Src/mainpp.o
                0x0000000008001b88                loop
 .text._ZN3ros3Msg8varToArrIPhmEEvT_T0_
                0x0000000008001be8       0x3c ./Core/Src/mainpp.o
                0x0000000008001be8                void ros::Msg::varToArr<unsigned char*, unsigned long>(unsigned char*, unsigned long)
 .text._ZN3ros3Msg8arrToVarImPhEEvRT_T0_
                0x0000000008001c24       0x4a ./Core/Src/mainpp.o
                0x0000000008001c24                void ros::Msg::arrToVar<unsigned long, unsigned char*>(unsigned long&, unsigned char*)
 .text._ZN3ros11NodeHandle_I13STM32HardwareLi25ELi25ELi512ELi512EE11getHardwareEv
                0x0000000008001c6e       0x18 ./Core/Src/mainpp.o
                0x0000000008001c6e                ros::NodeHandle_<STM32Hardware, 25, 25, 512, 512>::getHardware()
 .text._ZN3ros11NodeHandle_I13STM32HardwareLi25ELi25ELi512ELi512EE8initNodeEv
                0x0000000008001c86       0x3a ./Core/Src/mainpp.o
                0x0000000008001c86                ros::NodeHandle_<STM32Hardware, 25, 25, 512, 512>::initNode()
 .text._ZN3ros11NodeHandle_I13STM32HardwareLi25ELi25ELi512ELi512EE9advertiseERNS_9PublisherE
                0x0000000008001cc0       0x60 ./Core/Src/mainpp.o
                0x0000000008001cc0                ros::NodeHandle_<STM32Hardware, 25, 25, 512, 512>::advertise(ros::Publisher&)
 .text._ZN3ros11NodeHandle_I13STM32HardwareLi25ELi25ELi512ELi512EE8spinOnceEv
                0x0000000008001d20      0x3b2 ./Core/Src/mainpp.o
                0x0000000008001d20                ros::NodeHandle_<STM32Hardware, 25, 25, 512, 512>::spinOnce()
 .text._ZN3ros11NodeHandle_I13STM32HardwareLi25ELi25ELi512ELi512EE15requestSyncTimeEv
                0x00000000080020d2       0x3c ./Core/Src/mainpp.o
                0x00000000080020d2                ros::NodeHandle_<STM32Hardware, 25, 25, 512, 512>::requestSyncTime()
 .text._ZN3ros11NodeHandle_I13STM32HardwareLi25ELi25ELi512ELi512EE15negotiateTopicsEv
                0x000000000800210e      0x1be ./Core/Src/mainpp.o
                0x000000000800210e                ros::NodeHandle_<STM32Hardware, 25, 25, 512, 512>::negotiateTopics()
 .text._ZN3ros11NodeHandle_I13STM32HardwareLi25ELi25ELi512ELi512EE8syncTimeEPh
                0x00000000080022cc       0x98 ./Core/Src/mainpp.o
                0x00000000080022cc                ros::NodeHandle_<STM32Hardware, 25, 25, 512, 512>::syncTime(unsigned char*)
 .text._ZN3ros11NodeHandle_I13STM32HardwareLi25ELi25ELi512ELi512EE7publishEiPKNS_3MsgE
                0x0000000008002364      0x128 ./Core/Src/mainpp.o
                0x0000000008002364                ros::NodeHandle_<STM32Hardware, 25, 25, 512, 512>::publish(int, ros::Msg const*)
 .text._ZN3ros11NodeHandle_I13STM32HardwareLi25ELi25ELi512ELi512EE6setNowERKNS_4TimeE
                0x000000000800248c       0x80 ./Core/Src/mainpp.o
                0x000000000800248c                ros::NodeHandle_<STM32Hardware, 25, 25, 512, 512>::setNow(ros::Time const&)
 .text._ZN3ros11NodeHandle_I13STM32HardwareLi25ELi25ELi512ELi512EE8logerrorEPKc
                0x000000000800250c       0x1c ./Core/Src/mainpp.o
                0x000000000800250c                ros::NodeHandle_<STM32Hardware, 25, 25, 512, 512>::logerror(char const*)
 .text._ZN3ros11NodeHandle_I13STM32HardwareLi25ELi25ELi512ELi512EE3logEcPKc
                0x0000000008002528       0x38 ./Core/Src/mainpp.o
                0x0000000008002528                ros::NodeHandle_<STM32Hardware, 25, 25, 512, 512>::log(char, char const*)
 .text._Z41__static_initialization_and_destruction_0ii
                0x0000000008002560       0x4c ./Core/Src/mainpp.o
 .text._ZN3ros11NodeHandle_I13STM32HardwareLi25ELi25ELi512ELi512EE9connectedEv
                0x00000000080025ac       0x1a ./Core/Src/mainpp.o
                0x00000000080025ac                ros::NodeHandle_<STM32Hardware, 25, 25, 512, 512>::connected()
 .text._GLOBAL__sub_I_nh
                0x00000000080025c6       0x10 ./Core/Src/mainpp.o
 *fill*         0x00000000080025d6        0x2 
 .text.HAL_MspInit
                0x00000000080025d8       0x48 ./Core/Src/stm32g4xx_hal_msp.o
                0x00000000080025d8                HAL_MspInit
 .text.HAL_UART_MspInit
                0x0000000008002620      0x1f8 ./Core/Src/stm32g4xx_hal_msp.o
                0x0000000008002620                HAL_UART_MspInit
 .text.NMI_Handler
                0x0000000008002818        0x6 ./Core/Src/stm32g4xx_it.o
                0x0000000008002818                NMI_Handler
 .text.HardFault_Handler
                0x000000000800281e        0x6 ./Core/Src/stm32g4xx_it.o
                0x000000000800281e                HardFault_Handler
 .text.MemManage_Handler
                0x0000000008002824        0x6 ./Core/Src/stm32g4xx_it.o
                0x0000000008002824                MemManage_Handler
 .text.BusFault_Handler
                0x000000000800282a        0x6 ./Core/Src/stm32g4xx_it.o
                0x000000000800282a                BusFault_Handler
 .text.UsageFault_Handler
                0x0000000008002830        0x6 ./Core/Src/stm32g4xx_it.o
                0x0000000008002830                UsageFault_Handler
 .text.SVC_Handler
                0x0000000008002836        0xe ./Core/Src/stm32g4xx_it.o
                0x0000000008002836                SVC_Handler
 .text.DebugMon_Handler
                0x0000000008002844        0xe ./Core/Src/stm32g4xx_it.o
                0x0000000008002844                DebugMon_Handler
 .text.PendSV_Handler
                0x0000000008002852        0xe ./Core/Src/stm32g4xx_it.o
                0x0000000008002852                PendSV_Handler
 .text.SysTick_Handler
                0x0000000008002860        0xc ./Core/Src/stm32g4xx_it.o
                0x0000000008002860                SysTick_Handler
 .text.DMA1_Channel1_IRQHandler
                0x000000000800286c       0x14 ./Core/Src/stm32g4xx_it.o
                0x000000000800286c                DMA1_Channel1_IRQHandler
 .text.DMA1_Channel2_IRQHandler
                0x0000000008002880       0x14 ./Core/Src/stm32g4xx_it.o
                0x0000000008002880                DMA1_Channel2_IRQHandler
 .text.USART1_IRQHandler
                0x0000000008002894       0x14 ./Core/Src/stm32g4xx_it.o
                0x0000000008002894                USART1_IRQHandler
 .text._getpid  0x00000000080028a8       0x10 ./Core/Src/syscalls.o
                0x00000000080028a8                _getpid
 .text._kill    0x00000000080028b8       0x20 ./Core/Src/syscalls.o
                0x00000000080028b8                _kill
 .text._exit    0x00000000080028d8       0x14 ./Core/Src/syscalls.o
                0x00000000080028d8                _exit
 .text._sbrk    0x00000000080028ec       0x6c ./Core/Src/sysmem.o
                0x00000000080028ec                _sbrk
 .text.SystemInit
                0x0000000008002958       0x24 ./Core/Src/system_stm32g4xx.o
                0x0000000008002958                SystemInit
 .text.Reset_Handler
                0x000000000800297c       0x50 ./Core/Startup/startup_stm32g431rbtx.o
                0x000000000800297c                Reset_Handler
 .text.Default_Handler
                0x00000000080029cc        0x2 ./Core/Startup/startup_stm32g431rbtx.o
                0x00000000080029cc                RTC_Alarm_IRQHandler
                0x00000000080029cc                EXTI2_IRQHandler
                0x00000000080029cc                TIM8_TRG_COM_IRQHandler
                0x00000000080029cc                TIM8_CC_IRQHandler
                0x00000000080029cc                TIM1_CC_IRQHandler
                0x00000000080029cc                USB_HP_IRQHandler
                0x00000000080029cc                CORDIC_IRQHandler
                0x00000000080029cc                EXTI3_IRQHandler
                0x00000000080029cc                I2C3_ER_IRQHandler
                0x00000000080029cc                EXTI0_IRQHandler
                0x00000000080029cc                I2C2_EV_IRQHandler
                0x00000000080029cc                FPU_IRQHandler
                0x00000000080029cc                FDCAN1_IT1_IRQHandler
                0x00000000080029cc                TIM1_UP_TIM16_IRQHandler
                0x00000000080029cc                ADC1_2_IRQHandler
                0x00000000080029cc                SPI1_IRQHandler
                0x00000000080029cc                TIM6_DAC_IRQHandler
                0x00000000080029cc                TIM8_UP_IRQHandler
                0x00000000080029cc                DMA2_Channel2_IRQHandler
                0x00000000080029cc                DMA1_Channel4_IRQHandler
                0x00000000080029cc                USART3_IRQHandler
                0x00000000080029cc                TIM4_IRQHandler
                0x00000000080029cc                DMA2_Channel1_IRQHandler
                0x00000000080029cc                I2C1_EV_IRQHandler
                0x00000000080029cc                DMA1_Channel6_IRQHandler
                0x00000000080029cc                UART4_IRQHandler
                0x00000000080029cc                DMA2_Channel4_IRQHandler
                0x00000000080029cc                TIM3_IRQHandler
                0x00000000080029cc                RCC_IRQHandler
                0x00000000080029cc                Default_Handler
                0x00000000080029cc                RTC_TAMP_LSECSS_IRQHandler
                0x00000000080029cc                FMAC_IRQHandler
                0x00000000080029cc                EXTI15_10_IRQHandler
                0x00000000080029cc                TIM7_IRQHandler
                0x00000000080029cc                UCPD1_IRQHandler
                0x00000000080029cc                I2C3_EV_IRQHandler
                0x00000000080029cc                EXTI9_5_IRQHandler
                0x00000000080029cc                RTC_WKUP_IRQHandler
                0x00000000080029cc                PVD_PVM_IRQHandler
                0x00000000080029cc                SPI2_IRQHandler
                0x00000000080029cc                DMA2_Channel5_IRQHandler
                0x00000000080029cc                CRS_IRQHandler
                0x00000000080029cc                DMA1_Channel5_IRQHandler
                0x00000000080029cc                USB_LP_IRQHandler
                0x00000000080029cc                EXTI4_IRQHandler
                0x00000000080029cc                RNG_IRQHandler
                0x00000000080029cc                TIM1_TRG_COM_TIM17_IRQHandler
                0x00000000080029cc                DMA1_Channel3_IRQHandler
                0x00000000080029cc                WWDG_IRQHandler
                0x00000000080029cc                LPUART1_IRQHandler
                0x00000000080029cc                DMA2_Channel6_IRQHandler
                0x00000000080029cc                FDCAN1_IT0_IRQHandler
                0x00000000080029cc                TIM2_IRQHandler
                0x00000000080029cc                COMP1_2_3_IRQHandler
                0x00000000080029cc                EXTI1_IRQHandler
                0x00000000080029cc                USART2_IRQHandler
                0x00000000080029cc                I2C2_ER_IRQHandler
                0x00000000080029cc                TIM8_BRK_IRQHandler
                0x00000000080029cc                FLASH_IRQHandler
                0x00000000080029cc                SPI3_IRQHandler
                0x00000000080029cc                I2C1_ER_IRQHandler
                0x00000000080029cc                LPTIM1_IRQHandler
                0x00000000080029cc                DMAMUX_OVR_IRQHandler
                0x00000000080029cc                USBWakeUp_IRQHandler
                0x00000000080029cc                SAI1_IRQHandler
                0x00000000080029cc                DMA2_Channel3_IRQHandler
                0x00000000080029cc                COMP4_IRQHandler
                0x00000000080029cc                TIM1_BRK_TIM15_IRQHandler
 .text.HAL_Init
                0x00000000080029ce       0x30 ./Drivers/STM32G4xx_HAL_Driver/Src/stm32g4xx_hal.o
                0x00000000080029ce                HAL_Init
 *fill*         0x00000000080029fe        0x2 
 .text.HAL_InitTick
                0x0000000008002a00       0x74 ./Drivers/STM32G4xx_HAL_Driver/Src/stm32g4xx_hal.o
                0x0000000008002a00                HAL_InitTick
 .text.HAL_IncTick
                0x0000000008002a74       0x24 ./Drivers/STM32G4xx_HAL_Driver/Src/stm32g4xx_hal.o
                0x0000000008002a74                HAL_IncTick
 .text.HAL_GetTick
                0x0000000008002a98       0x18 ./Drivers/STM32G4xx_HAL_Driver/Src/stm32g4xx_hal.o
                0x0000000008002a98                HAL_GetTick
 .text.HAL_Delay
                0x0000000008002ab0       0x44 ./Drivers/STM32G4xx_HAL_Driver/Src/stm32g4xx_hal.o
                0x0000000008002ab0                HAL_Delay
 .text.__NVIC_SetPriorityGrouping
                0x0000000008002af4       0x48 ./Drivers/STM32G4xx_HAL_Driver/Src/stm32g4xx_hal_cortex.o
 .text.__NVIC_GetPriorityGrouping
                0x0000000008002b3c       0x1c ./Drivers/STM32G4xx_HAL_Driver/Src/stm32g4xx_hal_cortex.o
 .text.__NVIC_EnableIRQ
                0x0000000008002b58       0x3c ./Drivers/STM32G4xx_HAL_Driver/Src/stm32g4xx_hal_cortex.o
 .text.__NVIC_SetPriority
                0x0000000008002b94       0x54 ./Drivers/STM32G4xx_HAL_Driver/Src/stm32g4xx_hal_cortex.o
 .text.NVIC_EncodePriority
                0x0000000008002be8       0x66 ./Drivers/STM32G4xx_HAL_Driver/Src/stm32g4xx_hal_cortex.o
 *fill*         0x0000000008002c4e        0x2 
 .text.SysTick_Config
                0x0000000008002c50       0x44 ./Drivers/STM32G4xx_HAL_Driver/Src/stm32g4xx_hal_cortex.o
 .text.HAL_NVIC_SetPriorityGrouping
                0x0000000008002c94       0x16 ./Drivers/STM32G4xx_HAL_Driver/Src/stm32g4xx_hal_cortex.o
                0x0000000008002c94                HAL_NVIC_SetPriorityGrouping
 .text.HAL_NVIC_SetPriority
                0x0000000008002caa       0x34 ./Drivers/STM32G4xx_HAL_Driver/Src/stm32g4xx_hal_cortex.o
                0x0000000008002caa                HAL_NVIC_SetPriority
 .text.HAL_NVIC_EnableIRQ
                0x0000000008002cde       0x1c ./Drivers/STM32G4xx_HAL_Driver/Src/stm32g4xx_hal_cortex.o
                0x0000000008002cde                HAL_NVIC_EnableIRQ
 .text.HAL_SYSTICK_Config
                0x0000000008002cfa       0x18 ./Drivers/STM32G4xx_HAL_Driver/Src/stm32g4xx_hal_cortex.o
                0x0000000008002cfa                HAL_SYSTICK_Config
 *fill*         0x0000000008002d12        0x2 
 .text.HAL_DMA_Init
                0x0000000008002d14      0x150 ./Drivers/STM32G4xx_HAL_Driver/Src/stm32g4xx_hal_dma.o
                0x0000000008002d14                HAL_DMA_Init
 .text.HAL_DMA_Start_IT
                0x0000000008002e64       0xf6 ./Drivers/STM32G4xx_HAL_Driver/Src/stm32g4xx_hal_dma.o
                0x0000000008002e64                HAL_DMA_Start_IT
 .text.HAL_DMA_Abort
                0x0000000008002f5a       0xb2 ./Drivers/STM32G4xx_HAL_Driver/Src/stm32g4xx_hal_dma.o
                0x0000000008002f5a                HAL_DMA_Abort
 .text.HAL_DMA_Abort_IT
                0x000000000800300c       0xce ./Drivers/STM32G4xx_HAL_Driver/Src/stm32g4xx_hal_dma.o
                0x000000000800300c                HAL_DMA_Abort_IT
 .text.HAL_DMA_IRQHandler
                0x00000000080030da      0x15e ./Drivers/STM32G4xx_HAL_Driver/Src/stm32g4xx_hal_dma.o
                0x00000000080030da                HAL_DMA_IRQHandler
 .text.DMA_SetConfig
                0x0000000008003238       0x7c ./Drivers/STM32G4xx_HAL_Driver/Src/stm32g4xx_hal_dma.o
 .text.DMA_CalcDMAMUXChannelBaseAndMask
                0x00000000080032b4       0x7c ./Drivers/STM32G4xx_HAL_Driver/Src/stm32g4xx_hal_dma.o
 .text.DMA_CalcDMAMUXRequestGenBaseAndMask
                0x0000000008003330       0x48 ./Drivers/STM32G4xx_HAL_Driver/Src/stm32g4xx_hal_dma.o
 .text.HAL_GPIO_Init
                0x0000000008003378      0x304 ./Drivers/STM32G4xx_HAL_Driver/Src/stm32g4xx_hal_gpio.o
                0x0000000008003378                HAL_GPIO_Init
 .text.HAL_GPIO_WritePin
                0x000000000800367c       0x30 ./Drivers/STM32G4xx_HAL_Driver/Src/stm32g4xx_hal_gpio.o
                0x000000000800367c                HAL_GPIO_WritePin
 .text.HAL_GPIO_TogglePin
                0x00000000080036ac       0x34 ./Drivers/STM32G4xx_HAL_Driver/Src/stm32g4xx_hal_gpio.o
                0x00000000080036ac                HAL_GPIO_TogglePin
 .text.HAL_PWREx_ControlVoltageScaling
                0x00000000080036e0      0x148 ./Drivers/STM32G4xx_HAL_Driver/Src/stm32g4xx_hal_pwr_ex.o
                0x00000000080036e0                HAL_PWREx_ControlVoltageScaling
 .text.HAL_PWREx_DisableUCPDDeadBattery
                0x0000000008003828       0x20 ./Drivers/STM32G4xx_HAL_Driver/Src/stm32g4xx_hal_pwr_ex.o
                0x0000000008003828                HAL_PWREx_DisableUCPDDeadBattery
 .text.HAL_RCC_OscConfig
                0x0000000008003848      0x630 ./Drivers/STM32G4xx_HAL_Driver/Src/stm32g4xx_hal_rcc.o
                0x0000000008003848                HAL_RCC_OscConfig
 .text.HAL_RCC_ClockConfig
                0x0000000008003e78      0x278 ./Drivers/STM32G4xx_HAL_Driver/Src/stm32g4xx_hal_rcc.o
                0x0000000008003e78                HAL_RCC_ClockConfig
 .text.HAL_RCC_GetSysClockFreq
                0x00000000080040f0       0xc4 ./Drivers/STM32G4xx_HAL_Driver/Src/stm32g4xx_hal_rcc.o
                0x00000000080040f0                HAL_RCC_GetSysClockFreq
 .text.HAL_RCC_GetHCLKFreq
                0x00000000080041b4       0x18 ./Drivers/STM32G4xx_HAL_Driver/Src/stm32g4xx_hal_rcc.o
                0x00000000080041b4                HAL_RCC_GetHCLKFreq
 .text.HAL_RCC_GetPCLK1Freq
                0x00000000080041cc       0x2c ./Drivers/STM32G4xx_HAL_Driver/Src/stm32g4xx_hal_rcc.o
                0x00000000080041cc                HAL_RCC_GetPCLK1Freq
 .text.HAL_RCC_GetPCLK2Freq
                0x00000000080041f8       0x2c ./Drivers/STM32G4xx_HAL_Driver/Src/stm32g4xx_hal_rcc.o
                0x00000000080041f8                HAL_RCC_GetPCLK2Freq
 .text.RCC_GetSysClockFreqFromPLLSource
                0x0000000008004224       0x8c ./Drivers/STM32G4xx_HAL_Driver/Src/stm32g4xx_hal_rcc.o
 .text.HAL_RCCEx_PeriphCLKConfig
                0x00000000080042b0      0x3e0 ./Drivers/STM32G4xx_HAL_Driver/Src/stm32g4xx_hal_rcc_ex.o
                0x00000000080042b0                HAL_RCCEx_PeriphCLKConfig
 .text.HAL_UART_Init
                0x0000000008004690       0xa0 ./Drivers/STM32G4xx_HAL_Driver/Src/stm32g4xx_hal_uart.o
                0x0000000008004690                HAL_UART_Init
 .text.HAL_UART_Transmit_DMA
                0x0000000008004730      0x124 ./Drivers/STM32G4xx_HAL_Driver/Src/stm32g4xx_hal_uart.o
                0x0000000008004730                HAL_UART_Transmit_DMA
 .text.HAL_UART_Receive_DMA
                0x0000000008004854       0xac ./Drivers/STM32G4xx_HAL_Driver/Src/stm32g4xx_hal_uart.o
                0x0000000008004854                HAL_UART_Receive_DMA
 .text.HAL_UART_IRQHandler
                0x0000000008004900      0x630 ./Drivers/STM32G4xx_HAL_Driver/Src/stm32g4xx_hal_uart.o
                0x0000000008004900                HAL_UART_IRQHandler
 .text.HAL_UART_TxHalfCpltCallback
                0x0000000008004f30       0x14 ./Drivers/STM32G4xx_HAL_Driver/Src/stm32g4xx_hal_uart.o
                0x0000000008004f30                HAL_UART_TxHalfCpltCallback
 .text.HAL_UART_RxHalfCpltCallback
                0x0000000008004f44       0x14 ./Drivers/STM32G4xx_HAL_Driver/Src/stm32g4xx_hal_uart.o
                0x0000000008004f44                HAL_UART_RxHalfCpltCallback
 .text.HAL_UART_ErrorCallback
                0x0000000008004f58       0x14 ./Drivers/STM32G4xx_HAL_Driver/Src/stm32g4xx_hal_uart.o
                0x0000000008004f58                HAL_UART_ErrorCallback
 .text.HAL_UARTEx_RxEventCallback
                0x0000000008004f6c       0x18 ./Drivers/STM32G4xx_HAL_Driver/Src/stm32g4xx_hal_uart.o
                0x0000000008004f6c                HAL_UARTEx_RxEventCallback
 .text.UART_SetConfig
                0x0000000008004f84      0x598 ./Drivers/STM32G4xx_HAL_Driver/Src/stm32g4xx_hal_uart.o
                0x0000000008004f84                UART_SetConfig
 .text.UART_AdvFeatureConfig
                0x000000000800551c      0x144 ./Drivers/STM32G4xx_HAL_Driver/Src/stm32g4xx_hal_uart.o
                0x000000000800551c                UART_AdvFeatureConfig
 .text.UART_CheckIdleState
                0x0000000008005660       0x96 ./Drivers/STM32G4xx_HAL_Driver/Src/stm32g4xx_hal_uart.o
                0x0000000008005660                UART_CheckIdleState
 .text.UART_WaitOnFlagUntilTimeout
                0x00000000080056f6      0x190 ./Drivers/STM32G4xx_HAL_Driver/Src/stm32g4xx_hal_uart.o
                0x00000000080056f6                UART_WaitOnFlagUntilTimeout
 *fill*         0x0000000008005886        0x2 
 .text.UART_Start_Receive_DMA
                0x0000000008005888      0x150 ./Drivers/STM32G4xx_HAL_Driver/Src/stm32g4xx_hal_uart.o
                0x0000000008005888                UART_Start_Receive_DMA
 .text.UART_EndTxTransfer
                0x00000000080059d8       0x82 ./Drivers/STM32G4xx_HAL_Driver/Src/stm32g4xx_hal_uart.o
 .text.UART_EndRxTransfer
                0x0000000008005a5a       0xcc ./Drivers/STM32G4xx_HAL_Driver/Src/stm32g4xx_hal_uart.o
 .text.UART_DMATransmitCplt
                0x0000000008005b26       0x9a ./Drivers/STM32G4xx_HAL_Driver/Src/stm32g4xx_hal_uart.o
 .text.UART_DMATxHalfCplt
                0x0000000008005bc0       0x1c ./Drivers/STM32G4xx_HAL_Driver/Src/stm32g4xx_hal_uart.o
 .text.UART_DMAReceiveCplt
                0x0000000008005bdc      0x126 ./Drivers/STM32G4xx_HAL_Driver/Src/stm32g4xx_hal_uart.o
 .text.UART_DMARxHalfCplt
                0x0000000008005d02       0x38 ./Drivers/STM32G4xx_HAL_Driver/Src/stm32g4xx_hal_uart.o
 .text.UART_DMAError
                0x0000000008005d3a       0x80 ./Drivers/STM32G4xx_HAL_Driver/Src/stm32g4xx_hal_uart.o
 .text.UART_DMAAbortOnError
                0x0000000008005dba       0x2c ./Drivers/STM32G4xx_HAL_Driver/Src/stm32g4xx_hal_uart.o
 .text.UART_EndTransmit_IT
                0x0000000008005de6       0x56 ./Drivers/STM32G4xx_HAL_Driver/Src/stm32g4xx_hal_uart.o
 .text.HAL_UARTEx_WakeupCallback
                0x0000000008005e3c       0x14 ./Drivers/STM32G4xx_HAL_Driver/Src/stm32g4xx_hal_uart_ex.o
                0x0000000008005e3c                HAL_UARTEx_WakeupCallback
 .text.HAL_UARTEx_RxFifoFullCallback
                0x0000000008005e50       0x14 ./Drivers/STM32G4xx_HAL_Driver/Src/stm32g4xx_hal_uart_ex.o
                0x0000000008005e50                HAL_UARTEx_RxFifoFullCallback
 .text.HAL_UARTEx_TxFifoEmptyCallback
                0x0000000008005e64       0x14 ./Drivers/STM32G4xx_HAL_Driver/Src/stm32g4xx_hal_uart_ex.o
                0x0000000008005e64                HAL_UARTEx_TxFifoEmptyCallback
 .text.HAL_UARTEx_DisableFifoMode
                0x0000000008005e78       0x72 ./Drivers/STM32G4xx_HAL_Driver/Src/stm32g4xx_hal_uart_ex.o
                0x0000000008005e78                HAL_UARTEx_DisableFifoMode
 .text.HAL_UARTEx_SetTxFifoThreshold
                0x0000000008005eea       0x7c ./Drivers/STM32G4xx_HAL_Driver/Src/stm32g4xx_hal_uart_ex.o
                0x0000000008005eea                HAL_UARTEx_SetTxFifoThreshold
 .text.HAL_UARTEx_SetRxFifoThreshold
                0x0000000008005f66       0x7c ./Drivers/STM32G4xx_HAL_Driver/Src/stm32g4xx_hal_uart_ex.o
                0x0000000008005f66                HAL_UARTEx_SetRxFifoThreshold
 *fill*         0x0000000008005fe2        0x2 
 .text.UARTEx_SetNbDataToProcess
                0x0000000008005fe4       0x9c ./Drivers/STM32G4xx_HAL_Driver/Src/stm32g4xx_hal_uart_ex.o
 .text.__cxa_pure_virtual
                0x0000000008006080        0x6 c:/st/stm32cubeide_1.4.0/stm32cubeide/plugins/com.st.stm32cube.ide.mcu.externaltools.gnu-tools-for-stm32.10.3-2021.10.win32_1.0.0.202111181127/tools/bin/../lib/gcc/arm-none-eabi/10.3.1/../../../../arm-none-eabi/lib/thumb/v7e-m+fp/hard\libstdc++_nano.a(pure.o)
                0x0000000008006080                __cxa_pure_virtual
 .text._ZN10__cxxabiv111__terminateEPFvvE
                0x0000000008006086        0x8 c:/st/stm32cubeide_1.4.0/stm32cubeide/plugins/com.st.stm32cube.ide.mcu.externaltools.gnu-tools-for-stm32.10.3-2021.10.win32_1.0.0.202111181127/tools/bin/../lib/gcc/arm-none-eabi/10.3.1/../../../../arm-none-eabi/lib/thumb/v7e-m+fp/hard\libstdc++_nano.a(eh_terminate.o)
                0x0000000008006086                __cxxabiv1::__terminate(void (*)())
 *fill*         0x000000000800608e        0x2 
 .text._ZSt13get_terminatev
                0x0000000008006090       0x10 c:/st/stm32cubeide_1.4.0/stm32cubeide/plugins/com.st.stm32cube.ide.mcu.externaltools.gnu-tools-for-stm32.10.3-2021.10.win32_1.0.0.202111181127/tools/bin/../lib/gcc/arm-none-eabi/10.3.1/../../../../arm-none-eabi/lib/thumb/v7e-m+fp/hard\libstdc++_nano.a(eh_terminate.o)
                0x0000000008006090                std::get_terminate()
 .text._ZSt9terminatev
                0x00000000080060a0        0xa c:/st/stm32cubeide_1.4.0/stm32cubeide/plugins/com.st.stm32cube.ide.mcu.externaltools.gnu-tools-for-stm32.10.3-2021.10.win32_1.0.0.202111181127/tools/bin/../lib/gcc/arm-none-eabi/10.3.1/../../../../arm-none-eabi/lib/thumb/v7e-m+fp/hard\libstdc++_nano.a(eh_terminate.o)
                0x00000000080060a0                std::terminate()
 .text.abort    0x00000000080060aa        0xe c:/st/stm32cubeide_1.4.0/stm32cubeide/plugins/com.st.stm32cube.ide.mcu.externaltools.gnu-tools-for-stm32.10.3-2021.10.win32_1.0.0.202111181127/tools/bin/../lib/gcc/arm-none-eabi/10.3.1/../../../../arm-none-eabi/lib/thumb/v7e-m+fp/hard\libc_nano.a(lib_a-abort.o)
                0x00000000080060aa                abort
 .text.__errno  0x00000000080060b8        0xc c:/st/stm32cubeide_1.4.0/stm32cubeide/plugins/com.st.stm32cube.ide.mcu.externaltools.gnu-tools-for-stm32.10.3-2021.10.win32_1.0.0.202111181127/tools/bin/../lib/gcc/arm-none-eabi/10.3.1/../../../../arm-none-eabi/lib/thumb/v7e-m+fp/hard\libc_nano.a(lib_a-errno.o)
                0x00000000080060b8                __errno
 .text.__libc_init_array
                0x00000000080060c4       0x48 c:/st/stm32cubeide_1.4.0/stm32cubeide/plugins/com.st.stm32cube.ide.mcu.externaltools.gnu-tools-for-stm32.10.3-2021.10.win32_1.0.0.202111181127/tools/bin/../lib/gcc/arm-none-eabi/10.3.1/../../../../arm-none-eabi/lib/thumb/v7e-m+fp/hard\libc_nano.a(lib_a-init.o)
                0x00000000080060c4                __libc_init_array
 .text.memcpy   0x000000000800610c       0x1c c:/st/stm32cubeide_1.4.0/stm32cubeide/plugins/com.st.stm32cube.ide.mcu.externaltools.gnu-tools-for-stm32.10.3-2021.10.win32_1.0.0.202111181127/tools/bin/../lib/gcc/arm-none-eabi/10.3.1/../../../../arm-none-eabi/lib/thumb/v7e-m+fp/hard\libc_nano.a(lib_a-memcpy-stub.o)
                0x000000000800610c                memcpy
 .text.memset   0x0000000008006128       0x10 c:/st/stm32cubeide_1.4.0/stm32cubeide/plugins/com.st.stm32cube.ide.mcu.externaltools.gnu-tools-for-stm32.10.3-2021.10.win32_1.0.0.202111181127/tools/bin/../lib/gcc/arm-none-eabi/10.3.1/../../../../arm-none-eabi/lib/thumb/v7e-m+fp/hard\libc_nano.a(lib_a-memset.o)
                0x0000000008006128                memset
 .text.realloc  0x0000000008006138       0x10 c:/st/stm32cubeide_1.4.0/stm32cubeide/plugins/com.st.stm32cube.ide.mcu.externaltools.gnu-tools-for-stm32.10.3-2021.10.win32_1.0.0.202111181127/tools/bin/../lib/gcc/arm-none-eabi/10.3.1/../../../../arm-none-eabi/lib/thumb/v7e-m+fp/hard\libc_nano.a(lib_a-realloc.o)
                0x0000000008006138                realloc
 .text._raise_r
                0x0000000008006148       0x50 c:/st/stm32cubeide_1.4.0/stm32cubeide/plugins/com.st.stm32cube.ide.mcu.externaltools.gnu-tools-for-stm32.10.3-2021.10.win32_1.0.0.202111181127/tools/bin/../lib/gcc/arm-none-eabi/10.3.1/../../../../arm-none-eabi/lib/thumb/v7e-m+fp/hard\libc_nano.a(lib_a-signal.o)
                0x0000000008006148                _raise_r
 .text.raise    0x0000000008006198       0x10 c:/st/stm32cubeide_1.4.0/stm32cubeide/plugins/com.st.stm32cube.ide.mcu.externaltools.gnu-tools-for-stm32.10.3-2021.10.win32_1.0.0.202111181127/tools/bin/../lib/gcc/arm-none-eabi/10.3.1/../../../../arm-none-eabi/lib/thumb/v7e-m+fp/hard\libc_nano.a(lib_a-signal.o)
                0x0000000008006198                raise
 .text._kill_r  0x00000000080061a8       0x24 c:/st/stm32cubeide_1.4.0/stm32cubeide/plugins/com.st.stm32cube.ide.mcu.externaltools.gnu-tools-for-stm32.10.3-2021.10.win32_1.0.0.202111181127/tools/bin/../lib/gcc/arm-none-eabi/10.3.1/../../../../arm-none-eabi/lib/thumb/v7e-m+fp/hard\libc_nano.a(lib_a-signalr.o)
                0x00000000080061a8                _kill_r
 .text._getpid_r
                0x00000000080061cc        0x4 c:/st/stm32cubeide_1.4.0/stm32cubeide/plugins/com.st.stm32cube.ide.mcu.externaltools.gnu-tools-for-stm32.10.3-2021.10.win32_1.0.0.202111181127/tools/bin/../lib/gcc/arm-none-eabi/10.3.1/../../../../arm-none-eabi/lib/thumb/v7e-m+fp/hard\libc_nano.a(lib_a-signalr.o)
                0x00000000080061cc                _getpid_r
 .text.snprintf
                0x00000000080061d0       0x68 c:/st/stm32cubeide_1.4.0/stm32cubeide/plugins/com.st.stm32cube.ide.mcu.externaltools.gnu-tools-for-stm32.10.3-2021.10.win32_1.0.0.202111181127/tools/bin/../lib/gcc/arm-none-eabi/10.3.1/../../../../arm-none-eabi/lib/thumb/v7e-m+fp/hard\libc_nano.a(lib_a-snprintf.o)
                0x00000000080061d0                sniprintf
                0x00000000080061d0                snprintf
 .text.sbrk_aligned
                0x0000000008006238       0x40 c:/st/stm32cubeide_1.4.0/stm32cubeide/plugins/com.st.stm32cube.ide.mcu.externaltools.gnu-tools-for-stm32.10.3-2021.10.win32_1.0.0.202111181127/tools/bin/../lib/gcc/arm-none-eabi/10.3.1/../../../../arm-none-eabi/lib/thumb/v7e-m+fp/hard\libc_nano.a(lib_a-nano-mallocr.o)
 .text._malloc_r
                0x0000000008006278       0xe8 c:/st/stm32cubeide_1.4.0/stm32cubeide/plugins/com.st.stm32cube.ide.mcu.externaltools.gnu-tools-for-stm32.10.3-2021.10.win32_1.0.0.202111181127/tools/bin/../lib/gcc/arm-none-eabi/10.3.1/../../../../arm-none-eabi/lib/thumb/v7e-m+fp/hard\libc_nano.a(lib_a-nano-mallocr.o)
                0x0000000008006278                _malloc_r
 .text._realloc_r
                0x0000000008006360       0x5e c:/st/stm32cubeide_1.4.0/stm32cubeide/plugins/com.st.stm32cube.ide.mcu.externaltools.gnu-tools-for-stm32.10.3-2021.10.win32_1.0.0.202111181127/tools/bin/../lib/gcc/arm-none-eabi/10.3.1/../../../../arm-none-eabi/lib/thumb/v7e-m+fp/hard\libc_nano.a(lib_a-nano-reallocr.o)
                0x0000000008006360                _realloc_r
 .text.__ssputs_r
                0x00000000080063be       0xb6 c:/st/stm32cubeide_1.4.0/stm32cubeide/plugins/com.st.stm32cube.ide.mcu.externaltools.gnu-tools-for-stm32.10.3-2021.10.win32_1.0.0.202111181127/tools/bin/../lib/gcc/arm-none-eabi/10.3.1/../../../../arm-none-eabi/lib/thumb/v7e-m+fp/hard\libc_nano.a(lib_a-nano-svfprintf.o)
                0x00000000080063be                __ssputs_r
 .text._svfprintf_r
                0x0000000008006474      0x200 c:/st/stm32cubeide_1.4.0/stm32cubeide/plugins/com.st.stm32cube.ide.mcu.externaltools.gnu-tools-for-stm32.10.3-2021.10.win32_1.0.0.202111181127/tools/bin/../lib/gcc/arm-none-eabi/10.3.1/../../../../arm-none-eabi/lib/thumb/v7e-m+fp/hard\libc_nano.a(lib_a-nano-svfprintf.o)
                0x0000000008006474                _svfiprintf_r
                0x0000000008006474                _svfprintf_r
 .text._printf_common
                0x0000000008006674       0xda c:/st/stm32cubeide_1.4.0/stm32cubeide/plugins/com.st.stm32cube.ide.mcu.externaltools.gnu-tools-for-stm32.10.3-2021.10.win32_1.0.0.202111181127/tools/bin/../lib/gcc/arm-none-eabi/10.3.1/../../../../arm-none-eabi/lib/thumb/v7e-m+fp/hard\libc_nano.a(lib_a-nano-vfprintf_i.o)
                0x0000000008006674                _printf_common
 *fill*         0x000000000800674e        0x2 
 .text._printf_i
                0x0000000008006750      0x24c c:/st/stm32cubeide_1.4.0/stm32cubeide/plugins/com.st.stm32cube.ide.mcu.externaltools.gnu-tools-for-stm32.10.3-2021.10.win32_1.0.0.202111181127/tools/bin/../lib/gcc/arm-none-eabi/10.3.1/../../../../arm-none-eabi/lib/thumb/v7e-m+fp/hard\libc_nano.a(lib_a-nano-vfprintf_i.o)
                0x0000000008006750                _printf_i
 .text._sbrk_r  0x000000000800699c       0x20 c:/st/stm32cubeide_1.4.0/stm32cubeide/plugins/com.st.stm32cube.ide.mcu.externaltools.gnu-tools-for-stm32.10.3-2021.10.win32_1.0.0.202111181127/tools/bin/../lib/gcc/arm-none-eabi/10.3.1/../../../../arm-none-eabi/lib/thumb/v7e-m+fp/hard\libc_nano.a(lib_a-sbrkr.o)
                0x000000000800699c                _sbrk_r
 .text.memmove  0x00000000080069bc       0x34 c:/st/stm32cubeide_1.4.0/stm32cubeide/plugins/com.st.stm32cube.ide.mcu.externaltools.gnu-tools-for-stm32.10.3-2021.10.win32_1.0.0.202111181127/tools/bin/../lib/gcc/arm-none-eabi/10.3.1/../../../../arm-none-eabi/lib/thumb/v7e-m+fp/hard\libc_nano.a(lib_a-memmove.o)
                0x00000000080069bc                memmove
 .text.__malloc_lock
                0x00000000080069f0        0xc c:/st/stm32cubeide_1.4.0/stm32cubeide/plugins/com.st.stm32cube.ide.mcu.externaltools.gnu-tools-for-stm32.10.3-2021.10.win32_1.0.0.202111181127/tools/bin/../lib/gcc/arm-none-eabi/10.3.1/../../../../arm-none-eabi/lib/thumb/v7e-m+fp/hard\libc_nano.a(lib_a-mlock.o)
                0x00000000080069f0                __malloc_lock
 .text.__malloc_unlock
                0x00000000080069fc        0xc c:/st/stm32cubeide_1.4.0/stm32cubeide/plugins/com.st.stm32cube.ide.mcu.externaltools.gnu-tools-for-stm32.10.3-2021.10.win32_1.0.0.202111181127/tools/bin/../lib/gcc/arm-none-eabi/10.3.1/../../../../arm-none-eabi/lib/thumb/v7e-m+fp/hard\libc_nano.a(lib_a-mlock.o)
                0x00000000080069fc                __malloc_unlock
 .text._free_r  0x0000000008006a08       0x98 c:/st/stm32cubeide_1.4.0/stm32cubeide/plugins/com.st.stm32cube.ide.mcu.externaltools.gnu-tools-for-stm32.10.3-2021.10.win32_1.0.0.202111181127/tools/bin/../lib/gcc/arm-none-eabi/10.3.1/../../../../arm-none-eabi/lib/thumb/v7e-m+fp/hard\libc_nano.a(lib_a-nano-freer.o)
                0x0000000008006a08                _free_r
 .text._malloc_usable_size_r
                0x0000000008006aa0       0x10 c:/st/stm32cubeide_1.4.0/stm32cubeide/plugins/com.st.stm32cube.ide.mcu.externaltools.gnu-tools-for-stm32.10.3-2021.10.win32_1.0.0.202111181127/tools/bin/../lib/gcc/arm-none-eabi/10.3.1/../../../../arm-none-eabi/lib/thumb/v7e-m+fp/hard\libc_nano.a(lib_a-nano-msizer.o)
                0x0000000008006aa0                _malloc_usable_size_r
 .text.__retarget_lock_acquire_recursive
                0x0000000008006ab0        0x2 c:/st/stm32cubeide_1.4.0/stm32cubeide/plugins/com.st.stm32cube.ide.mcu.externaltools.gnu-tools-for-stm32.10.3-2021.10.win32_1.0.0.202111181127/tools/bin/../lib/gcc/arm-none-eabi/10.3.1/../../../../arm-none-eabi/lib/thumb/v7e-m+fp/hard\libc_nano.a(lib_a-lock.o)
                0x0000000008006ab0                __retarget_lock_acquire_recursive
 .text.__retarget_lock_release_recursive
                0x0000000008006ab2        0x2 c:/st/stm32cubeide_1.4.0/stm32cubeide/plugins/com.st.stm32cube.ide.mcu.externaltools.gnu-tools-for-stm32.10.3-2021.10.win32_1.0.0.202111181127/tools/bin/../lib/gcc/arm-none-eabi/10.3.1/../../../../arm-none-eabi/lib/thumb/v7e-m+fp/hard\libc_nano.a(lib_a-lock.o)
                0x0000000008006ab2                __retarget_lock_release_recursive
 *(.glue_7)
 .glue_7        0x0000000008006ab4        0x0 linker stubs
 *(.glue_7t)
 .glue_7t       0x0000000008006ab4        0x0 linker stubs
 *(.eh_frame)
 .eh_frame      0x0000000008006ab4        0x0 c:/st/stm32cubeide_1.4.0/stm32cubeide/plugins/com.st.stm32cube.ide.mcu.externaltools.gnu-tools-for-stm32.10.3-2021.10.win32_1.0.0.202111181127/tools/bin/../lib/gcc/arm-none-eabi/10.3.1/thumb/v7e-m+fp/hard/crtbegin.o
 *(.init)
 .init          0x0000000008006ab4        0x4 c:/st/stm32cubeide_1.4.0/stm32cubeide/plugins/com.st.stm32cube.ide.mcu.externaltools.gnu-tools-for-stm32.10.3-2021.10.win32_1.0.0.202111181127/tools/bin/../lib/gcc/arm-none-eabi/10.3.1/thumb/v7e-m+fp/hard/crti.o
                0x0000000008006ab4                _init
 .init          0x0000000008006ab8        0x8 c:/st/stm32cubeide_1.4.0/stm32cubeide/plugins/com.st.stm32cube.ide.mcu.externaltools.gnu-tools-for-stm32.10.3-2021.10.win32_1.0.0.202111181127/tools/bin/../lib/gcc/arm-none-eabi/10.3.1/thumb/v7e-m+fp/hard/crtn.o
 *(.fini)
 .fini          0x0000000008006ac0        0x4 c:/st/stm32cubeide_1.4.0/stm32cubeide/plugins/com.st.stm32cube.ide.mcu.externaltools.gnu-tools-for-stm32.10.3-2021.10.win32_1.0.0.202111181127/tools/bin/../lib/gcc/arm-none-eabi/10.3.1/thumb/v7e-m+fp/hard/crti.o
                0x0000000008006ac0                _fini
 .fini          0x0000000008006ac4        0x8 c:/st/stm32cubeide_1.4.0/stm32cubeide/plugins/com.st.stm32cube.ide.mcu.externaltools.gnu-tools-for-stm32.10.3-2021.10.win32_1.0.0.202111181127/tools/bin/../lib/gcc/arm-none-eabi/10.3.1/thumb/v7e-m+fp/hard/crtn.o
                0x0000000008006acc                . = ALIGN (0x4)
                0x0000000008006acc                _etext = .

.vfp11_veneer   0x0000000008006acc        0x0
 .vfp11_veneer  0x0000000008006acc        0x0 linker stubs

.v4_bx          0x0000000008006acc        0x0
 .v4_bx         0x0000000008006acc        0x0 linker stubs

.iplt           0x0000000008006acc        0x0
 .iplt          0x0000000008006acc        0x0 c:/st/stm32cubeide_1.4.0/stm32cubeide/plugins/com.st.stm32cube.ide.mcu.externaltools.gnu-tools-for-stm32.10.3-2021.10.win32_1.0.0.202111181127/tools/bin/../lib/gcc/arm-none-eabi/10.3.1/thumb/v7e-m+fp/hard/crtbegin.o

.rodata         0x0000000008006acc      0x2a4
                0x0000000008006acc                . = ALIGN (0x4)
 *(.rodata)
 .rodata        0x0000000008006acc      0x15c ./Core/Src/mainpp.o
 *(.rodata*)
 .rodata._ZN14rosserial_msgsL12REQUESTPARAME
                0x0000000008006c28       0x1c ./Core/Src/mainpp.o
 .rodata._ZTVN3ros11NodeHandle_I13STM32HardwareLi25ELi25ELi512ELi512EEE
                0x0000000008006c44       0x14 ./Core/Src/mainpp.o
                0x0000000008006c44                vtable for ros::NodeHandle_<STM32Hardware, 25, 25, 512, 512>
 .rodata._ZTVN8std_msgs6StringE
                0x0000000008006c58       0x18 ./Core/Src/mainpp.o
                0x0000000008006c58                vtable for std_msgs::String
 .rodata._ZTVN3ros15NodeHandleBase_E
                0x0000000008006c70       0x14 ./Core/Src/mainpp.o
                0x0000000008006c70                vtable for ros::NodeHandleBase_
 .rodata._ZTVN14rosserial_msgs20RequestParamResponseE
                0x0000000008006c84       0x18 ./Core/Src/mainpp.o
                0x0000000008006c84                vtable for rosserial_msgs::RequestParamResponse
 .rodata._ZTVN14rosserial_msgs3LogE
                0x0000000008006c9c       0x18 ./Core/Src/mainpp.o
                0x0000000008006c9c                vtable for rosserial_msgs::Log
 .rodata._ZTVN14rosserial_msgs9TopicInfoE
                0x0000000008006cb4       0x18 ./Core/Src/mainpp.o
                0x0000000008006cb4                vtable for rosserial_msgs::TopicInfo
 .rodata._ZTVN8std_msgs4TimeE
                0x0000000008006ccc       0x18 ./Core/Src/mainpp.o
                0x0000000008006ccc                vtable for std_msgs::Time
 .rodata._ZTVN3ros3MsgE
                0x0000000008006ce4       0x18 ./Core/Src/mainpp.o
                0x0000000008006ce4                vtable for ros::Msg
 .rodata.AHBPrescTable
                0x0000000008006cfc       0x10 ./Core/Src/system_stm32g4xx.o
                0x0000000008006cfc                AHBPrescTable
 .rodata.APBPrescTable
                0x0000000008006d0c        0x8 ./Core/Src/system_stm32g4xx.o
                0x0000000008006d0c                APBPrescTable
 .rodata.UARTPrescTable
                0x0000000008006d14       0x18 ./Drivers/STM32G4xx_HAL_Driver/Src/stm32g4xx_hal_uart.o
                0x0000000008006d14                UARTPrescTable
 .rodata.numerator.1
                0x0000000008006d2c        0x8 ./Drivers/STM32G4xx_HAL_Driver/Src/stm32g4xx_hal_uart_ex.o
 .rodata.denominator.0
                0x0000000008006d34        0x8 ./Drivers/STM32G4xx_HAL_Driver/Src/stm32g4xx_hal_uart_ex.o
 .rodata._svfprintf_r.str1.1
                0x0000000008006d3c       0x11 c:/st/stm32cubeide_1.4.0/stm32cubeide/plugins/com.st.stm32cube.ide.mcu.externaltools.gnu-tools-for-stm32.10.3-2021.10.win32_1.0.0.202111181127/tools/bin/../lib/gcc/arm-none-eabi/10.3.1/../../../../arm-none-eabi/lib/thumb/v7e-m+fp/hard\libc_nano.a(lib_a-nano-svfprintf.o)
 .rodata._printf_i.str1.1
                0x0000000008006d4d       0x22 c:/st/stm32cubeide_1.4.0/stm32cubeide/plugins/com.st.stm32cube.ide.mcu.externaltools.gnu-tools-for-stm32.10.3-2021.10.win32_1.0.0.202111181127/tools/bin/../lib/gcc/arm-none-eabi/10.3.1/../../../../arm-none-eabi/lib/thumb/v7e-m+fp/hard\libc_nano.a(lib_a-nano-vfprintf_i.o)
                0x0000000008006d70                . = ALIGN (0x4)
 *fill*         0x0000000008006d6f        0x1 

.ARM.extab      0x0000000008006d70        0x0
                0x0000000008006d70                . = ALIGN (0x4)
 *(.ARM.extab* .gnu.linkonce.armextab.*)
                0x0000000008006d70                . = ALIGN (0x4)

.ARM            0x0000000008006d70        0x8
                0x0000000008006d70                . = ALIGN (0x4)
                0x0000000008006d70                __exidx_start = .
 *(.ARM.exidx*)
 .ARM.exidx     0x0000000008006d70        0x8 c:/st/stm32cubeide_1.4.0/stm32cubeide/plugins/com.st.stm32cube.ide.mcu.externaltools.gnu-tools-for-stm32.10.3-2021.10.win32_1.0.0.202111181127/tools/bin/../lib/gcc/arm-none-eabi/10.3.1/thumb/v7e-m+fp/hard\libgcc.a(_udivmoddi4.o)
                0x0000000008006d78                __exidx_end = .
                0x0000000008006d78                . = ALIGN (0x4)

.rel.dyn        0x0000000008006d78        0x0
 .rel.iplt      0x0000000008006d78        0x0 c:/st/stm32cubeide_1.4.0/stm32cubeide/plugins/com.st.stm32cube.ide.mcu.externaltools.gnu-tools-for-stm32.10.3-2021.10.win32_1.0.0.202111181127/tools/bin/../lib/gcc/arm-none-eabi/10.3.1/thumb/v7e-m+fp/hard/crtbegin.o

.preinit_array  0x0000000008006d78        0x0
                0x0000000008006d78                . = ALIGN (0x4)
                0x0000000008006d78                PROVIDE (__preinit_array_start = .)
 *(.preinit_array*)
                0x0000000008006d78                PROVIDE (__preinit_array_end = .)
                0x0000000008006d78                . = ALIGN (0x4)

.init_array     0x0000000008006d78        0x8
                0x0000000008006d78                . = ALIGN (0x4)
                0x0000000008006d78                PROVIDE (__init_array_start = .)
 *(SORT_BY_NAME(.init_array.*))
 *(.init_array*)
 .init_array    0x0000000008006d78        0x4 c:/st/stm32cubeide_1.4.0/stm32cubeide/plugins/com.st.stm32cube.ide.mcu.externaltools.gnu-tools-for-stm32.10.3-2021.10.win32_1.0.0.202111181127/tools/bin/../lib/gcc/arm-none-eabi/10.3.1/thumb/v7e-m+fp/hard/crtbegin.o
 .init_array    0x0000000008006d7c        0x4 ./Core/Src/mainpp.o
                0x0000000008006d80                PROVIDE (__init_array_end = .)
                0x0000000008006d80                . = ALIGN (0x4)

.fini_array     0x0000000008006d80        0x4
                0x0000000008006d80                . = ALIGN (0x4)
                [!provide]                        PROVIDE (__fini_array_start = .)
 *(SORT_BY_NAME(.fini_array.*))
 *(.fini_array*)
 .fini_array    0x0000000008006d80        0x4 c:/st/stm32cubeide_1.4.0/stm32cubeide/plugins/com.st.stm32cube.ide.mcu.externaltools.gnu-tools-for-stm32.10.3-2021.10.win32_1.0.0.202111181127/tools/bin/../lib/gcc/arm-none-eabi/10.3.1/thumb/v7e-m+fp/hard/crtbegin.o
                [!provide]                        PROVIDE (__fini_array_end = .)
                0x0000000008006d84                . = ALIGN (0x4)
                0x0000000008006d84                _sidata = LOADADDR (.data)

.data           0x0000000020000000       0x74 load address 0x0000000008006d84
                0x0000000020000000                . = ALIGN (0x4)
                0x0000000020000000                _sdata = .
 *(.data)
 *(.data*)
 .data.SystemCoreClock
                0x0000000020000000        0x4 ./Core/Src/system_stm32g4xx.o
                0x0000000020000000                SystemCoreClock
 .data.uwTickPrio
                0x0000000020000004        0x4 ./Drivers/STM32G4xx_HAL_Driver/Src/stm32g4xx_hal.o
                0x0000000020000004                uwTickPrio
 .data.uwTickFreq
                0x0000000020000008        0x4 ./Drivers/STM32G4xx_HAL_Driver/Src/stm32g4xx_hal.o
                0x0000000020000008                uwTickFreq
 .data._ZN10__cxxabiv119__terminate_handlerE
                0x000000002000000c        0x4 c:/st/stm32cubeide_1.4.0/stm32cubeide/plugins/com.st.stm32cube.ide.mcu.externaltools.gnu-tools-for-stm32.10.3-2021.10.win32_1.0.0.202111181127/tools/bin/../lib/gcc/arm-none-eabi/10.3.1/../../../../arm-none-eabi/lib/thumb/v7e-m+fp/hard\libstdc++_nano.a(eh_term_handler.o)
                0x000000002000000c                __cxxabiv1::__terminate_handler
 .data._impure_ptr
                0x0000000020000010        0x4 c:/st/stm32cubeide_1.4.0/stm32cubeide/plugins/com.st.stm32cube.ide.mcu.externaltools.gnu-tools-for-stm32.10.3-2021.10.win32_1.0.0.202111181127/tools/bin/../lib/gcc/arm-none-eabi/10.3.1/../../../../arm-none-eabi/lib/thumb/v7e-m+fp/hard\libc_nano.a(lib_a-impure.o)
                0x0000000020000010                _impure_ptr
 .data.impure_data
                0x0000000020000014       0x60 c:/st/stm32cubeide_1.4.0/stm32cubeide/plugins/com.st.stm32cube.ide.mcu.externaltools.gnu-tools-for-stm32.10.3-2021.10.win32_1.0.0.202111181127/tools/bin/../lib/gcc/arm-none-eabi/10.3.1/../../../../arm-none-eabi/lib/thumb/v7e-m+fp/hard\libc_nano.a(lib_a-impure.o)
 *(.RamFunc)
 *(.RamFunc*)
                0x0000000020000074                . = ALIGN (0x4)
                0x0000000020000074                _edata = .

.igot.plt       0x0000000020000074        0x0 load address 0x0000000008006df8
 .igot.plt      0x0000000020000074        0x0 c:/st/stm32cubeide_1.4.0/stm32cubeide/plugins/com.st.stm32cube.ide.mcu.externaltools.gnu-tools-for-stm32.10.3-2021.10.win32_1.0.0.202111181127/tools/bin/../lib/gcc/arm-none-eabi/10.3.1/thumb/v7e-m+fp/hard/crtbegin.o
                0x0000000020000074                . = ALIGN (0x4)

.bss            0x0000000020000074      0xb94 load address 0x0000000008006df8
                0x0000000020000074                _sbss = .
                0x0000000020000074                __bss_start__ = _sbss
 *(.bss)
 .bss           0x0000000020000074       0x1c c:/st/stm32cubeide_1.4.0/stm32cubeide/plugins/com.st.stm32cube.ide.mcu.externaltools.gnu-tools-for-stm32.10.3-2021.10.win32_1.0.0.202111181127/tools/bin/../lib/gcc/arm-none-eabi/10.3.1/thumb/v7e-m+fp/hard/crtbegin.o
 *(.bss*)
 .bss.hlpuart1  0x0000000020000090       0x90 ./Core/Src/main.o
                0x0000000020000090                hlpuart1
 .bss.huart1    0x0000000020000120       0x90 ./Core/Src/main.o
                0x0000000020000120                huart1
 .bss.hdma_usart1_rx
                0x00000000200001b0       0x60 ./Core/Src/main.o
                0x00000000200001b0                hdma_usart1_rx
 .bss.hdma_usart1_tx
                0x0000000020000210       0x60 ./Core/Src/main.o
                0x0000000020000210                hdma_usart1_tx
 .bss._ZZN13STM32Hardware5flushEvE5mutex
                0x0000000020000270        0x1 ./Core/Src/mainpp.o
                0x0000000020000270                STM32Hardware::flush()::mutex
 *fill*         0x0000000020000271        0x3 
 .bss.nh        0x0000000020000274      0x93c ./Core/Src/mainpp.o
                0x0000000020000274                nh
 .bss.i         0x0000000020000bb0        0x4 ./Core/Src/mainpp.o
                0x0000000020000bb0                i
 .bss.str_msg   0x0000000020000bb4        0x8 ./Core/Src/mainpp.o
                0x0000000020000bb4                str_msg
 .bss.chatter   0x0000000020000bbc       0x14 ./Core/Src/mainpp.o
                0x0000000020000bbc                chatter
 .bss.hello     0x0000000020000bd0       0x20 ./Core/Src/mainpp.o
                0x0000000020000bd0                hello
 .bss.__sbrk_heap_end
                0x0000000020000bf0        0x4 ./Core/Src/sysmem.o
 .bss.uwTick    0x0000000020000bf4        0x4 ./Drivers/STM32G4xx_HAL_Driver/Src/stm32g4xx_hal.o
                0x0000000020000bf4                uwTick
 .bss.__malloc_free_list
                0x0000000020000bf8        0x4 c:/st/stm32cubeide_1.4.0/stm32cubeide/plugins/com.st.stm32cube.ide.mcu.externaltools.gnu-tools-for-stm32.10.3-2021.10.win32_1.0.0.202111181127/tools/bin/../lib/gcc/arm-none-eabi/10.3.1/../../../../arm-none-eabi/lib/thumb/v7e-m+fp/hard\libc_nano.a(lib_a-nano-mallocr.o)
                0x0000000020000bf8                __malloc_free_list
 .bss.__malloc_sbrk_start
                0x0000000020000bfc        0x4 c:/st/stm32cubeide_1.4.0/stm32cubeide/plugins/com.st.stm32cube.ide.mcu.externaltools.gnu-tools-for-stm32.10.3-2021.10.win32_1.0.0.202111181127/tools/bin/../lib/gcc/arm-none-eabi/10.3.1/../../../../arm-none-eabi/lib/thumb/v7e-m+fp/hard\libc_nano.a(lib_a-nano-mallocr.o)
                0x0000000020000bfc                __malloc_sbrk_start
 .bss.errno     0x0000000020000c00        0x4 c:/st/stm32cubeide_1.4.0/stm32cubeide/plugins/com.st.stm32cube.ide.mcu.externaltools.gnu-tools-for-stm32.10.3-2021.10.win32_1.0.0.202111181127/tools/bin/../lib/gcc/arm-none-eabi/10.3.1/../../../../arm-none-eabi/lib/thumb/v7e-m+fp/hard\libc_nano.a(lib_a-reent.o)
                0x0000000020000c00                errno
 .bss.__lock___malloc_recursive_mutex
                0x0000000020000c04        0x1 c:/st/stm32cubeide_1.4.0/stm32cubeide/plugins/com.st.stm32cube.ide.mcu.externaltools.gnu-tools-for-stm32.10.3-2021.10.win32_1.0.0.202111181127/tools/bin/../lib/gcc/arm-none-eabi/10.3.1/../../../../arm-none-eabi/lib/thumb/v7e-m+fp/hard\libc_nano.a(lib_a-lock.o)
                0x0000000020000c04                __lock___malloc_recursive_mutex
 *(COMMON)
                0x0000000020000c08                . = ALIGN (0x4)
 *fill*         0x0000000020000c05        0x3 
                0x0000000020000c08                _ebss = .
                0x0000000020000c08                __bss_end__ = _ebss

._user_heap_stack
                0x0000000020000c08      0x600 load address 0x0000000008006df8
                0x0000000020000c08                . = ALIGN (0x8)
                [!provide]                        PROVIDE (end = .)
                0x0000000020000c08                PROVIDE (_end = .)
                0x0000000020000e08                . = (. + _Min_Heap_Size)
 *fill*         0x0000000020000c08      0x200 
                0x0000000020001208                . = (. + _Min_Stack_Size)
 *fill*         0x0000000020000e08      0x400 
                0x0000000020001208                . = ALIGN (0x8)

/DISCARD/
 libc.a(*)
 libm.a(*)
 libgcc.a(*)

.ARM.attributes
                0x0000000000000000       0x30
 *(.ARM.attributes)
 .ARM.attributes
                0x0000000000000000       0x1e c:/st/stm32cubeide_1.4.0/stm32cubeide/plugins/com.st.stm32cube.ide.mcu.externaltools.gnu-tools-for-stm32.10.3-2021.10.win32_1.0.0.202111181127/tools/bin/../lib/gcc/arm-none-eabi/10.3.1/thumb/v7e-m+fp/hard/crti.o
 .ARM.attributes
                0x000000000000001e       0x34 c:/st/stm32cubeide_1.4.0/stm32cubeide/plugins/com.st.stm32cube.ide.mcu.externaltools.gnu-tools-for-stm32.10.3-2021.10.win32_1.0.0.202111181127/tools/bin/../lib/gcc/arm-none-eabi/10.3.1/thumb/v7e-m+fp/hard/crtbegin.o
 .ARM.attributes
                0x0000000000000052       0x34 ./Core/Inc/time.o
 .ARM.attributes
                0x0000000000000086       0x34 ./Core/Src/main.o
 .ARM.attributes
                0x00000000000000ba       0x34 ./Core/Src/mainpp.o
 .ARM.attributes
                0x00000000000000ee       0x34 ./Core/Src/stm32g4xx_hal_msp.o
 .ARM.attributes
                0x0000000000000122       0x34 ./Core/Src/stm32g4xx_it.o
 .ARM.attributes
                0x0000000000000156       0x34 ./Core/Src/syscalls.o
 .ARM.attributes
                0x000000000000018a       0x34 ./Core/Src/sysmem.o
 .ARM.attributes
                0x00000000000001be       0x34 ./Core/Src/system_stm32g4xx.o
 .ARM.attributes
                0x00000000000001f2       0x21 ./Core/Startup/startup_stm32g431rbtx.o
 .ARM.attributes
                0x0000000000000213       0x34 ./Drivers/STM32G4xx_HAL_Driver/Src/stm32g4xx_hal.o
 .ARM.attributes
                0x0000000000000247       0x34 ./Drivers/STM32G4xx_HAL_Driver/Src/stm32g4xx_hal_cortex.o
 .ARM.attributes
                0x000000000000027b       0x34 ./Drivers/STM32G4xx_HAL_Driver/Src/stm32g4xx_hal_dma.o
 .ARM.attributes
                0x00000000000002af       0x34 ./Drivers/STM32G4xx_HAL_Driver/Src/stm32g4xx_hal_gpio.o
 .ARM.attributes
                0x00000000000002e3       0x34 ./Drivers/STM32G4xx_HAL_Driver/Src/stm32g4xx_hal_pwr_ex.o
 .ARM.attributes
                0x0000000000000317       0x34 ./Drivers/STM32G4xx_HAL_Driver/Src/stm32g4xx_hal_rcc.o
 .ARM.attributes
                0x000000000000034b       0x34 ./Drivers/STM32G4xx_HAL_Driver/Src/stm32g4xx_hal_rcc_ex.o
 .ARM.attributes
                0x000000000000037f       0x34 ./Drivers/STM32G4xx_HAL_Driver/Src/stm32g4xx_hal_uart.o
 .ARM.attributes
                0x00000000000003b3       0x34 ./Drivers/STM32G4xx_HAL_Driver/Src/stm32g4xx_hal_uart_ex.o
 .ARM.attributes
                0x00000000000003e7       0x34 c:/st/stm32cubeide_1.4.0/stm32cubeide/plugins/com.st.stm32cube.ide.mcu.externaltools.gnu-tools-for-stm32.10.3-2021.10.win32_1.0.0.202111181127/tools/bin/../lib/gcc/arm-none-eabi/10.3.1/../../../../arm-none-eabi/lib/thumb/v7e-m+fp/hard\libstdc++_nano.a(pure.o)
 .ARM.attributes
                0x000000000000041b       0x34 c:/st/stm32cubeide_1.4.0/stm32cubeide/plugins/com.st.stm32cube.ide.mcu.externaltools.gnu-tools-for-stm32.10.3-2021.10.win32_1.0.0.202111181127/tools/bin/../lib/gcc/arm-none-eabi/10.3.1/../../../../arm-none-eabi/lib/thumb/v7e-m+fp/hard\libstdc++_nano.a(eh_terminate.o)
 .ARM.attributes
                0x000000000000044f       0x34 c:/st/stm32cubeide_1.4.0/stm32cubeide/plugins/com.st.stm32cube.ide.mcu.externaltools.gnu-tools-for-stm32.10.3-2021.10.win32_1.0.0.202111181127/tools/bin/../lib/gcc/arm-none-eabi/10.3.1/../../../../arm-none-eabi/lib/thumb/v7e-m+fp/hard\libstdc++_nano.a(eh_term_handler.o)
 .ARM.attributes
                0x0000000000000483       0x34 c:/st/stm32cubeide_1.4.0/stm32cubeide/plugins/com.st.stm32cube.ide.mcu.externaltools.gnu-tools-for-stm32.10.3-2021.10.win32_1.0.0.202111181127/tools/bin/../lib/gcc/arm-none-eabi/10.3.1/../../../../arm-none-eabi/lib/thumb/v7e-m+fp/hard\libc_nano.a(lib_a-abort.o)
 .ARM.attributes
                0x00000000000004b7       0x34 c:/st/stm32cubeide_1.4.0/stm32cubeide/plugins/com.st.stm32cube.ide.mcu.externaltools.gnu-tools-for-stm32.10.3-2021.10.win32_1.0.0.202111181127/tools/bin/../lib/gcc/arm-none-eabi/10.3.1/../../../../arm-none-eabi/lib/thumb/v7e-m+fp/hard\libc_nano.a(lib_a-errno.o)
 .ARM.attributes
                0x00000000000004eb       0x34 c:/st/stm32cubeide_1.4.0/stm32cubeide/plugins/com.st.stm32cube.ide.mcu.externaltools.gnu-tools-for-stm32.10.3-2021.10.win32_1.0.0.202111181127/tools/bin/../lib/gcc/arm-none-eabi/10.3.1/../../../../arm-none-eabi/lib/thumb/v7e-m+fp/hard\libc_nano.a(lib_a-impure.o)
 .ARM.attributes
                0x000000000000051f       0x34 c:/st/stm32cubeide_1.4.0/stm32cubeide/plugins/com.st.stm32cube.ide.mcu.externaltools.gnu-tools-for-stm32.10.3-2021.10.win32_1.0.0.202111181127/tools/bin/../lib/gcc/arm-none-eabi/10.3.1/../../../../arm-none-eabi/lib/thumb/v7e-m+fp/hard\libc_nano.a(lib_a-init.o)
 .ARM.attributes
                0x0000000000000553       0x34 c:/st/stm32cubeide_1.4.0/stm32cubeide/plugins/com.st.stm32cube.ide.mcu.externaltools.gnu-tools-for-stm32.10.3-2021.10.win32_1.0.0.202111181127/tools/bin/../lib/gcc/arm-none-eabi/10.3.1/../../../../arm-none-eabi/lib/thumb/v7e-m+fp/hard\libc_nano.a(lib_a-memcpy-stub.o)
 .ARM.attributes
                0x0000000000000587       0x34 c:/st/stm32cubeide_1.4.0/stm32cubeide/plugins/com.st.stm32cube.ide.mcu.externaltools.gnu-tools-for-stm32.10.3-2021.10.win32_1.0.0.202111181127/tools/bin/../lib/gcc/arm-none-eabi/10.3.1/../../../../arm-none-eabi/lib/thumb/v7e-m+fp/hard\libc_nano.a(lib_a-memset.o)
 .ARM.attributes
                0x00000000000005bb       0x34 c:/st/stm32cubeide_1.4.0/stm32cubeide/plugins/com.st.stm32cube.ide.mcu.externaltools.gnu-tools-for-stm32.10.3-2021.10.win32_1.0.0.202111181127/tools/bin/../lib/gcc/arm-none-eabi/10.3.1/../../../../arm-none-eabi/lib/thumb/v7e-m+fp/hard\libc_nano.a(lib_a-realloc.o)
 .ARM.attributes
                0x00000000000005ef       0x34 c:/st/stm32cubeide_1.4.0/stm32cubeide/plugins/com.st.stm32cube.ide.mcu.externaltools.gnu-tools-for-stm32.10.3-2021.10.win32_1.0.0.202111181127/tools/bin/../lib/gcc/arm-none-eabi/10.3.1/../../../../arm-none-eabi/lib/thumb/v7e-m+fp/hard\libc_nano.a(lib_a-signal.o)
 .ARM.attributes
                0x0000000000000623       0x34 c:/st/stm32cubeide_1.4.0/stm32cubeide/plugins/com.st.stm32cube.ide.mcu.externaltools.gnu-tools-for-stm32.10.3-2021.10.win32_1.0.0.202111181127/tools/bin/../lib/gcc/arm-none-eabi/10.3.1/../../../../arm-none-eabi/lib/thumb/v7e-m+fp/hard\libc_nano.a(lib_a-signalr.o)
 .ARM.attributes
                0x0000000000000657       0x34 c:/st/stm32cubeide_1.4.0/stm32cubeide/plugins/com.st.stm32cube.ide.mcu.externaltools.gnu-tools-for-stm32.10.3-2021.10.win32_1.0.0.202111181127/tools/bin/../lib/gcc/arm-none-eabi/10.3.1/../../../../arm-none-eabi/lib/thumb/v7e-m+fp/hard\libc_nano.a(lib_a-snprintf.o)
 .ARM.attributes
                0x000000000000068b       0x17 c:/st/stm32cubeide_1.4.0/stm32cubeide/plugins/com.st.stm32cube.ide.mcu.externaltools.gnu-tools-for-stm32.10.3-2021.10.win32_1.0.0.202111181127/tools/bin/../lib/gcc/arm-none-eabi/10.3.1/../../../../arm-none-eabi/lib/thumb/v7e-m+fp/hard\libc_nano.a(lib_a-strlen.o)
 .ARM.attributes
                0x00000000000006a2       0x34 c:/st/stm32cubeide_1.4.0/stm32cubeide/plugins/com.st.stm32cube.ide.mcu.externaltools.gnu-tools-for-stm32.10.3-2021.10.win32_1.0.0.202111181127/tools/bin/../lib/gcc/arm-none-eabi/10.3.1/../../../../arm-none-eabi/lib/thumb/v7e-m+fp/hard\libc_nano.a(lib_a-nano-mallocr.o)
 .ARM.attributes
                0x00000000000006d6       0x34 c:/st/stm32cubeide_1.4.0/stm32cubeide/plugins/com.st.stm32cube.ide.mcu.externaltools.gnu-tools-for-stm32.10.3-2021.10.win32_1.0.0.202111181127/tools/bin/../lib/gcc/arm-none-eabi/10.3.1/../../../../arm-none-eabi/lib/thumb/v7e-m+fp/hard\libc_nano.a(lib_a-nano-reallocr.o)
 .ARM.attributes
                0x000000000000070a       0x34 c:/st/stm32cubeide_1.4.0/stm32cubeide/plugins/com.st.stm32cube.ide.mcu.externaltools.gnu-tools-for-stm32.10.3-2021.10.win32_1.0.0.202111181127/tools/bin/../lib/gcc/arm-none-eabi/10.3.1/../../../../arm-none-eabi/lib/thumb/v7e-m+fp/hard\libc_nano.a(lib_a-nano-svfprintf.o)
 .ARM.attributes
                0x000000000000073e       0x34 c:/st/stm32cubeide_1.4.0/stm32cubeide/plugins/com.st.stm32cube.ide.mcu.externaltools.gnu-tools-for-stm32.10.3-2021.10.win32_1.0.0.202111181127/tools/bin/../lib/gcc/arm-none-eabi/10.3.1/../../../../arm-none-eabi/lib/thumb/v7e-m+fp/hard\libc_nano.a(lib_a-nano-vfprintf_i.o)
 .ARM.attributes
                0x0000000000000772       0x34 c:/st/stm32cubeide_1.4.0/stm32cubeide/plugins/com.st.stm32cube.ide.mcu.externaltools.gnu-tools-for-stm32.10.3-2021.10.win32_1.0.0.202111181127/tools/bin/../lib/gcc/arm-none-eabi/10.3.1/../../../../arm-none-eabi/lib/thumb/v7e-m+fp/hard\libc_nano.a(lib_a-reent.o)
 .ARM.attributes
                0x00000000000007a6       0x34 c:/st/stm32cubeide_1.4.0/stm32cubeide/plugins/com.st.stm32cube.ide.mcu.externaltools.gnu-tools-for-stm32.10.3-2021.10.win32_1.0.0.202111181127/tools/bin/../lib/gcc/arm-none-eabi/10.3.1/../../../../arm-none-eabi/lib/thumb/v7e-m+fp/hard\libc_nano.a(lib_a-sbrkr.o)
 .ARM.attributes
                0x00000000000007da       0x1c c:/st/stm32cubeide_1.4.0/stm32cubeide/plugins/com.st.stm32cube.ide.mcu.externaltools.gnu-tools-for-stm32.10.3-2021.10.win32_1.0.0.202111181127/tools/bin/../lib/gcc/arm-none-eabi/10.3.1/../../../../arm-none-eabi/lib/thumb/v7e-m+fp/hard\libc_nano.a(lib_a-memchr.o)
 .ARM.attributes
                0x00000000000007f6       0x34 c:/st/stm32cubeide_1.4.0/stm32cubeide/plugins/com.st.stm32cube.ide.mcu.externaltools.gnu-tools-for-stm32.10.3-2021.10.win32_1.0.0.202111181127/tools/bin/../lib/gcc/arm-none-eabi/10.3.1/../../../../arm-none-eabi/lib/thumb/v7e-m+fp/hard\libc_nano.a(lib_a-memmove.o)
 .ARM.attributes
                0x000000000000082a       0x34 c:/st/stm32cubeide_1.4.0/stm32cubeide/plugins/com.st.stm32cube.ide.mcu.externaltools.gnu-tools-for-stm32.10.3-2021.10.win32_1.0.0.202111181127/tools/bin/../lib/gcc/arm-none-eabi/10.3.1/../../../../arm-none-eabi/lib/thumb/v7e-m+fp/hard\libc_nano.a(lib_a-mlock.o)
 .ARM.attributes
                0x000000000000085e       0x34 c:/st/stm32cubeide_1.4.0/stm32cubeide/plugins/com.st.stm32cube.ide.mcu.externaltools.gnu-tools-for-stm32.10.3-2021.10.win32_1.0.0.202111181127/tools/bin/../lib/gcc/arm-none-eabi/10.3.1/../../../../arm-none-eabi/lib/thumb/v7e-m+fp/hard\libc_nano.a(lib_a-nano-freer.o)
 .ARM.attributes
                0x0000000000000892       0x34 c:/st/stm32cubeide_1.4.0/stm32cubeide/plugins/com.st.stm32cube.ide.mcu.externaltools.gnu-tools-for-stm32.10.3-2021.10.win32_1.0.0.202111181127/tools/bin/../lib/gcc/arm-none-eabi/10.3.1/../../../../arm-none-eabi/lib/thumb/v7e-m+fp/hard\libc_nano.a(lib_a-nano-msizer.o)
 .ARM.attributes
                0x00000000000008c6       0x34 c:/st/stm32cubeide_1.4.0/stm32cubeide/plugins/com.st.stm32cube.ide.mcu.externaltools.gnu-tools-for-stm32.10.3-2021.10.win32_1.0.0.202111181127/tools/bin/../lib/gcc/arm-none-eabi/10.3.1/../../../../arm-none-eabi/lib/thumb/v7e-m+fp/hard\libc_nano.a(lib_a-lock.o)
 .ARM.attributes
                0x00000000000008fa       0x1e c:/st/stm32cubeide_1.4.0/stm32cubeide/plugins/com.st.stm32cube.ide.mcu.externaltools.gnu-tools-for-stm32.10.3-2021.10.win32_1.0.0.202111181127/tools/bin/../lib/gcc/arm-none-eabi/10.3.1/thumb/v7e-m+fp/hard\libgcc.a(_aeabi_uldivmod.o)
 .ARM.attributes
                0x0000000000000918       0x34 c:/st/stm32cubeide_1.4.0/stm32cubeide/plugins/com.st.stm32cube.ide.mcu.externaltools.gnu-tools-for-stm32.10.3-2021.10.win32_1.0.0.202111181127/tools/bin/../lib/gcc/arm-none-eabi/10.3.1/thumb/v7e-m+fp/hard\libgcc.a(_udivmoddi4.o)
 .ARM.attributes
                0x000000000000094c       0x1e c:/st/stm32cubeide_1.4.0/stm32cubeide/plugins/com.st.stm32cube.ide.mcu.externaltools.gnu-tools-for-stm32.10.3-2021.10.win32_1.0.0.202111181127/tools/bin/../lib/gcc/arm-none-eabi/10.3.1/thumb/v7e-m+fp/hard\libgcc.a(_dvmd_tls.o)
 .ARM.attributes
                0x000000000000096a       0x1e c:/st/stm32cubeide_1.4.0/stm32cubeide/plugins/com.st.stm32cube.ide.mcu.externaltools.gnu-tools-for-stm32.10.3-2021.10.win32_1.0.0.202111181127/tools/bin/../lib/gcc/arm-none-eabi/10.3.1/thumb/v7e-m+fp/hard/crtn.o
OUTPUT(rosserial_stm32_chatter.elf elf32-littlearm)
LOAD linker stubs
LOAD c:/st/stm32cubeide_1.4.0/stm32cubeide/plugins/com.st.stm32cube.ide.mcu.externaltools.gnu-tools-for-stm32.10.3-2021.10.win32_1.0.0.202111181127/tools/bin/../lib/gcc/arm-none-eabi/10.3.1/../../../../arm-none-eabi/lib/thumb/v7e-m+fp/hard\libc.a
LOAD c:/st/stm32cubeide_1.4.0/stm32cubeide/plugins/com.st.stm32cube.ide.mcu.externaltools.gnu-tools-for-stm32.10.3-2021.10.win32_1.0.0.202111181127/tools/bin/../lib/gcc/arm-none-eabi/10.3.1/../../../../arm-none-eabi/lib/thumb/v7e-m+fp/hard\libm.a
LOAD c:/st/stm32cubeide_1.4.0/stm32cubeide/plugins/com.st.stm32cube.ide.mcu.externaltools.gnu-tools-for-stm32.10.3-2021.10.win32_1.0.0.202111181127/tools/bin/../lib/gcc/arm-none-eabi/10.3.1/thumb/v7e-m+fp/hard\libgcc.a

.debug_info     0x0000000000000000    0x14fbb
 .debug_info    0x0000000000000000     0x1bea ./Core/Inc/time.o
 .debug_info    0x0000000000001bea     0x11a1 ./Core/Src/main.o
 .debug_info    0x0000000000002d8b     0x5536 ./Core/Src/mainpp.o
 .debug_info    0x00000000000082c1     0x1026 ./Core/Src/stm32g4xx_hal_msp.o
 .debug_info    0x00000000000092e7      0x8c3 ./Core/Src/stm32g4xx_it.o
 .debug_info    0x0000000000009baa      0x6e0 ./Core/Src/syscalls.o
 .debug_info    0x000000000000a28a      0x171 ./Core/Src/sysmem.o
 .debug_info    0x000000000000a3fb      0x59f ./Core/Src/system_stm32g4xx.o
 .debug_info    0x000000000000a99a       0x22 ./Core/Startup/startup_stm32g431rbtx.o
 .debug_info    0x000000000000a9bc      0xae3 ./Drivers/STM32G4xx_HAL_Driver/Src/stm32g4xx_hal.o
 .debug_info    0x000000000000b49f      0xdc4 ./Drivers/STM32G4xx_HAL_Driver/Src/stm32g4xx_hal_cortex.o
 .debug_info    0x000000000000c263      0x8ee ./Drivers/STM32G4xx_HAL_Driver/Src/stm32g4xx_hal_dma.o
 .debug_info    0x000000000000cb51      0x82f ./Drivers/STM32G4xx_HAL_Driver/Src/stm32g4xx_hal_gpio.o
 .debug_info    0x000000000000d380      0x983 ./Drivers/STM32G4xx_HAL_Driver/Src/stm32g4xx_hal_pwr_ex.o
 .debug_info    0x000000000000dd03      0xc53 ./Drivers/STM32G4xx_HAL_Driver/Src/stm32g4xx_hal_rcc.o
 .debug_info    0x000000000000e956      0xcfe ./Drivers/STM32G4xx_HAL_Driver/Src/stm32g4xx_hal_rcc_ex.o
 .debug_info    0x000000000000f654     0x4936 ./Drivers/STM32G4xx_HAL_Driver/Src/stm32g4xx_hal_uart.o
 .debug_info    0x0000000000013f8a     0x1031 ./Drivers/STM32G4xx_HAL_Driver/Src/stm32g4xx_hal_uart_ex.o

.debug_abbrev   0x0000000000000000     0x2aa1
 .debug_abbrev  0x0000000000000000      0x2cb ./Core/Inc/time.o
 .debug_abbrev  0x00000000000002cb      0x27f ./Core/Src/main.o
 .debug_abbrev  0x000000000000054a      0x885 ./Core/Src/mainpp.o
 .debug_abbrev  0x0000000000000dcf      0x1f4 ./Core/Src/stm32g4xx_hal_msp.o
 .debug_abbrev  0x0000000000000fc3      0x166 ./Core/Src/stm32g4xx_it.o
 .debug_abbrev  0x0000000000001129      0x1b3 ./Core/Src/syscalls.o
 .debug_abbrev  0x00000000000012dc       0xbb ./Core/Src/sysmem.o
 .debug_abbrev  0x0000000000001397      0x116 ./Core/Src/system_stm32g4xx.o
 .debug_abbrev  0x00000000000014ad       0x12 ./Core/Startup/startup_stm32g431rbtx.o
 .debug_abbrev  0x00000000000014bf      0x269 ./Drivers/STM32G4xx_HAL_Driver/Src/stm32g4xx_hal.o
 .debug_abbrev  0x0000000000001728      0x30d ./Drivers/STM32G4xx_HAL_Driver/Src/stm32g4xx_hal_cortex.o
 .debug_abbrev  0x0000000000001a35      0x1d7 ./Drivers/STM32G4xx_HAL_Driver/Src/stm32g4xx_hal_dma.o
 .debug_abbrev  0x0000000000001c0c      0x1bb ./Drivers/STM32G4xx_HAL_Driver/Src/stm32g4xx_hal_gpio.o
 .debug_abbrev  0x0000000000001dc7      0x229 ./Drivers/STM32G4xx_HAL_Driver/Src/stm32g4xx_hal_pwr_ex.o
 .debug_abbrev  0x0000000000001ff0      0x2bd ./Drivers/STM32G4xx_HAL_Driver/Src/stm32g4xx_hal_rcc.o
 .debug_abbrev  0x00000000000022ad      0x247 ./Drivers/STM32G4xx_HAL_Driver/Src/stm32g4xx_hal_rcc_ex.o
 .debug_abbrev  0x00000000000024f4      0x2f0 ./Drivers/STM32G4xx_HAL_Driver/Src/stm32g4xx_hal_uart.o
 .debug_abbrev  0x00000000000027e4      0x2bd ./Drivers/STM32G4xx_HAL_Driver/Src/stm32g4xx_hal_uart_ex.o

.debug_aranges  0x0000000000000000      0xcf0
 .debug_aranges
                0x0000000000000000       0x48 ./Core/Inc/time.o
 .debug_aranges
                0x0000000000000048       0x50 ./Core/Src/main.o
 .debug_aranges
                0x0000000000000098      0x1f8 ./Core/Src/mainpp.o
 .debug_aranges
                0x0000000000000290       0x30 ./Core/Src/stm32g4xx_hal_msp.o
 .debug_aranges
                0x00000000000002c0       0x78 ./Core/Src/stm32g4xx_it.o
 .debug_aranges
                0x0000000000000338       0xa8 ./Core/Src/syscalls.o
 .debug_aranges
                0x00000000000003e0       0x20 ./Core/Src/sysmem.o
 .debug_aranges
                0x0000000000000400       0x28 ./Core/Src/system_stm32g4xx.o
 .debug_aranges
                0x0000000000000428       0x28 ./Core/Startup/startup_stm32g431rbtx.o
 .debug_aranges
                0x0000000000000450      0x130 ./Drivers/STM32G4xx_HAL_Driver/Src/stm32g4xx_hal.o
 .debug_aranges
                0x0000000000000580      0x118 ./Drivers/STM32G4xx_HAL_Driver/Src/stm32g4xx_hal_cortex.o
 .debug_aranges
                0x0000000000000698       0x90 ./Drivers/STM32G4xx_HAL_Driver/Src/stm32g4xx_hal_dma.o
 .debug_aranges
                0x0000000000000728       0x58 ./Drivers/STM32G4xx_HAL_Driver/Src/stm32g4xx_hal_gpio.o
 .debug_aranges
                0x0000000000000780      0x140 ./Drivers/STM32G4xx_HAL_Driver/Src/stm32g4xx_hal_pwr_ex.o
 .debug_aranges
                0x00000000000008c0       0x98 ./Drivers/STM32G4xx_HAL_Driver/Src/stm32g4xx_hal_rcc.o
 .debug_aranges
                0x0000000000000958       0xb0 ./Drivers/STM32G4xx_HAL_Driver/Src/stm32g4xx_hal_rcc_ex.o
 .debug_aranges
                0x0000000000000a08      0x248 ./Drivers/STM32G4xx_HAL_Driver/Src/stm32g4xx_hal_uart.o
 .debug_aranges
                0x0000000000000c50       0xa0 ./Drivers/STM32G4xx_HAL_Driver/Src/stm32g4xx_hal_uart_ex.o

.debug_ranges   0x0000000000000000      0xc20
 .debug_ranges  0x0000000000000000       0x38 ./Core/Inc/time.o
 .debug_ranges  0x0000000000000038       0x40 ./Core/Src/main.o
 .debug_ranges  0x0000000000000078      0x200 ./Core/Src/mainpp.o
 .debug_ranges  0x0000000000000278       0x20 ./Core/Src/stm32g4xx_hal_msp.o
 .debug_ranges  0x0000000000000298       0x68 ./Core/Src/stm32g4xx_it.o
 .debug_ranges  0x0000000000000300       0x98 ./Core/Src/syscalls.o
 .debug_ranges  0x0000000000000398       0x10 ./Core/Src/sysmem.o
 .debug_ranges  0x00000000000003a8       0x18 ./Core/Src/system_stm32g4xx.o
 .debug_ranges  0x00000000000003c0       0x20 ./Core/Startup/startup_stm32g431rbtx.o
 .debug_ranges  0x00000000000003e0      0x120 ./Drivers/STM32G4xx_HAL_Driver/Src/stm32g4xx_hal.o
 .debug_ranges  0x0000000000000500      0x108 ./Drivers/STM32G4xx_HAL_Driver/Src/stm32g4xx_hal_cortex.o
 .debug_ranges  0x0000000000000608       0x80 ./Drivers/STM32G4xx_HAL_Driver/Src/stm32g4xx_hal_dma.o
 .debug_ranges  0x0000000000000688       0x48 ./Drivers/STM32G4xx_HAL_Driver/Src/stm32g4xx_hal_gpio.o
 .debug_ranges  0x00000000000006d0      0x130 ./Drivers/STM32G4xx_HAL_Driver/Src/stm32g4xx_hal_pwr_ex.o
 .debug_ranges  0x0000000000000800       0x88 ./Drivers/STM32G4xx_HAL_Driver/Src/stm32g4xx_hal_rcc.o
 .debug_ranges  0x0000000000000888       0xa0 ./Drivers/STM32G4xx_HAL_Driver/Src/stm32g4xx_hal_rcc_ex.o
 .debug_ranges  0x0000000000000928      0x268 ./Drivers/STM32G4xx_HAL_Driver/Src/stm32g4xx_hal_uart.o
 .debug_ranges  0x0000000000000b90       0x90 ./Drivers/STM32G4xx_HAL_Driver/Src/stm32g4xx_hal_uart_ex.o

.debug_macro    0x0000000000000000    0x1f047
 .debug_macro   0x0000000000000000      0x1c1 ./Core/Inc/time.o
 .debug_macro   0x00000000000001c1      0x1d3 ./Core/Src/main.o
 .debug_macro   0x0000000000000394      0xa78 ./Core/Src/main.o
 .debug_macro   0x0000000000000e0c      0x155 ./Core/Src/main.o
 .debug_macro   0x0000000000000f61       0x2e ./Core/Src/main.o
 .debug_macro   0x0000000000000f8f       0x28 ./Core/Src/main.o
 .debug_macro   0x0000000000000fb7       0x8e ./Core/Src/main.o
 .debug_macro   0x0000000000001045       0x51 ./Core/Src/main.o
 .debug_macro   0x0000000000001096       0x1c ./Core/Src/main.o
 .debug_macro   0x00000000000010b2       0x22 ./Core/Src/main.o
 .debug_macro   0x00000000000010d4       0xfb ./Core/Src/main.o
 .debug_macro   0x00000000000011cf     0x1011 ./Core/Src/main.o
 .debug_macro   0x00000000000021e0      0x11f ./Core/Src/main.o
 .debug_macro   0x00000000000022ff    0x11396 ./Core/Src/main.o
 .debug_macro   0x0000000000013695       0x6d ./Core/Src/main.o
 .debug_macro   0x0000000000013702     0x3554 ./Core/Src/main.o
 .debug_macro   0x0000000000016c56      0x174 ./Core/Src/main.o
 .debug_macro   0x0000000000016dca       0x5c ./Core/Src/main.o
 .debug_macro   0x0000000000016e26     0x141d ./Core/Src/main.o
 .debug_macro   0x0000000000018243      0x535 ./Core/Src/main.o
 .debug_macro   0x0000000000018778      0x1b6 ./Core/Src/main.o
 .debug_macro   0x000000000001892e      0x288 ./Core/Src/main.o
 .debug_macro   0x0000000000018bb6      0x41d ./Core/Src/main.o
 .debug_macro   0x0000000000018fd3      0x18b ./Core/Src/main.o
 .debug_macro   0x000000000001915e       0x43 ./Core/Src/main.o
 .debug_macro   0x00000000000191a1      0x23d ./Core/Src/main.o
 .debug_macro   0x00000000000193de      0x211 ./Core/Src/main.o
 .debug_macro   0x00000000000195ef      0x401 ./Core/Src/main.o
 .debug_macro   0x00000000000199f0      0x107 ./Core/Src/main.o
 .debug_macro   0x0000000000019af7      0x122 ./Core/Src/main.o
 .debug_macro   0x0000000000019c19      0x3d1 ./Core/Src/main.o
 .debug_macro   0x0000000000019fea      0x67e ./Core/Src/main.o
 .debug_macro   0x000000000001a668       0xa6 ./Core/Src/main.o
 .debug_macro   0x000000000001a70e      0x306 ./Core/Src/main.o
 .debug_macro   0x000000000001aa14       0x58 ./Core/Src/main.o
 .debug_macro   0x000000000001aa6c      0x4cf ./Core/Src/mainpp.o
 .debug_macro   0x000000000001af3b       0x52 ./Core/Src/mainpp.o
 .debug_macro   0x000000000001af8d       0x10 ./Core/Src/mainpp.o
 .debug_macro   0x000000000001af9d       0x20 ./Core/Src/mainpp.o
 .debug_macro   0x000000000001afbd       0x10 ./Core/Src/mainpp.o
 .debug_macro   0x000000000001afcd       0x1c ./Core/Src/mainpp.o
 .debug_macro   0x000000000001afe9       0xde ./Core/Src/mainpp.o
 .debug_macro   0x000000000001b0c7      0x3cd ./Core/Src/mainpp.o
 .debug_macro   0x000000000001b494       0x10 ./Core/Src/mainpp.o
 .debug_macro   0x000000000001b4a4     0x1011 ./Core/Src/mainpp.o
 .debug_macro   0x000000000001c4b5       0x56 ./Core/Src/mainpp.o
 .debug_macro   0x000000000001c50b       0x5e ./Core/Src/mainpp.o
 .debug_macro   0x000000000001c569       0x1c ./Core/Src/mainpp.o
 .debug_macro   0x000000000001c585       0x10 ./Core/Src/mainpp.o
 .debug_macro   0x000000000001c595       0x10 ./Core/Src/mainpp.o
 .debug_macro   0x000000000001c5a5       0x1c ./Core/Src/mainpp.o
 .debug_macro   0x000000000001c5c1       0x52 ./Core/Src/mainpp.o
 .debug_macro   0x000000000001c613       0x22 ./Core/Src/mainpp.o
 .debug_macro   0x000000000001c635       0x10 ./Core/Src/mainpp.o
 .debug_macro   0x000000000001c645       0x52 ./Core/Src/mainpp.o
 .debug_macro   0x000000000001c697       0xd5 ./Core/Src/mainpp.o
 .debug_macro   0x000000000001c76c       0x1c ./Core/Src/mainpp.o
 .debug_macro   0x000000000001c788       0x3d ./Core/Src/mainpp.o
 .debug_macro   0x000000000001c7c5       0x16 ./Core/Src/mainpp.o
 .debug_macro   0x000000000001c7db      0x137 ./Core/Src/mainpp.o
 .debug_macro   0x000000000001c912      0x1c9 ./Core/Src/stm32g4xx_hal_msp.o
 .debug_macro   0x000000000001cadb      0x1d3 ./Core/Src/stm32g4xx_it.o
 .debug_macro   0x000000000001ccae      0x24c ./Core/Src/syscalls.o
 .debug_macro   0x000000000001cefa       0x34 ./Core/Src/syscalls.o
 .debug_macro   0x000000000001cf2e      0x341 ./Core/Src/syscalls.o
 .debug_macro   0x000000000001d26f       0x43 ./Core/Src/syscalls.o
 .debug_macro   0x000000000001d2b2       0x1c ./Core/Src/syscalls.o
 .debug_macro   0x000000000001d2ce       0x10 ./Core/Src/syscalls.o